Archive member included to satisfy reference by file (symbol)

D:/ST/STM32CubeCLT_1.17.0/GNU-tools-for-STM32/bin/../lib/gcc/arm-none-eabi/12.3.1/../../../../arm-none-eabi/lib/thumb/v7-m/nofp\libc_nano.a(libc_a-exit.o)
                              D:/ST/STM32CubeCLT_1.17.0/GNU-tools-for-STM32/bin/../lib/gcc/arm-none-eabi/12.3.1/../../../../arm-none-eabi/lib/thumb/v7-m/nofp/crt0.o (exit)
D:/ST/STM32CubeCLT_1.17.0/GNU-tools-for-STM32/bin/../lib/gcc/arm-none-eabi/12.3.1/../../../../arm-none-eabi/lib/thumb/v7-m/nofp\libc_nano.a(libc_a-findfp.o)
                              D:/ST/STM32CubeCLT_1.17.0/GNU-tools-for-STM32/bin/../lib/gcc/arm-none-eabi/12.3.1/../../../../arm-none-eabi/lib/thumb/v7-m/nofp\libc_nano.a(libc_a-exit.o) (__stdio_exit_handler)
D:/ST/STM32CubeCLT_1.17.0/GNU-tools-for-STM32/bin/../lib/gcc/arm-none-eabi/12.3.1/../../../../arm-none-eabi/lib/thumb/v7-m/nofp\libc_nano.a(libc_a-fwalk.o)
                              D:/ST/STM32CubeCLT_1.17.0/GNU-tools-for-STM32/bin/../lib/gcc/arm-none-eabi/12.3.1/../../../../arm-none-eabi/lib/thumb/v7-m/nofp\libc_nano.a(libc_a-findfp.o) (_fwalk_sglue)
D:/ST/STM32CubeCLT_1.17.0/GNU-tools-for-STM32/bin/../lib/gcc/arm-none-eabi/12.3.1/../../../../arm-none-eabi/lib/thumb/v7-m/nofp\libc_nano.a(libc_a-stdio.o)
                              D:/ST/STM32CubeCLT_1.17.0/GNU-tools-for-STM32/bin/../lib/gcc/arm-none-eabi/12.3.1/../../../../arm-none-eabi/lib/thumb/v7-m/nofp\libc_nano.a(libc_a-findfp.o) (__sread)
D:/ST/STM32CubeCLT_1.17.0/GNU-tools-for-STM32/bin/../lib/gcc/arm-none-eabi/12.3.1/../../../../arm-none-eabi/lib/thumb/v7-m/nofp\libc_nano.a(libc_a-memset.o)
                              D:/ST/STM32CubeCLT_1.17.0/GNU-tools-for-STM32/bin/../lib/gcc/arm-none-eabi/12.3.1/../../../../arm-none-eabi/lib/thumb/v7-m/nofp/crt0.o (memset)
D:/ST/STM32CubeCLT_1.17.0/GNU-tools-for-STM32/bin/../lib/gcc/arm-none-eabi/12.3.1/../../../../arm-none-eabi/lib/thumb/v7-m/nofp\libc_nano.a(libc_a-closer.o)
                              D:/ST/STM32CubeCLT_1.17.0/GNU-tools-for-STM32/bin/../lib/gcc/arm-none-eabi/12.3.1/../../../../arm-none-eabi/lib/thumb/v7-m/nofp\libc_nano.a(libc_a-stdio.o) (_close_r)
D:/ST/STM32CubeCLT_1.17.0/GNU-tools-for-STM32/bin/../lib/gcc/arm-none-eabi/12.3.1/../../../../arm-none-eabi/lib/thumb/v7-m/nofp\libc_nano.a(libc_a-reent.o)
                              D:/ST/STM32CubeCLT_1.17.0/GNU-tools-for-STM32/bin/../lib/gcc/arm-none-eabi/12.3.1/../../../../arm-none-eabi/lib/thumb/v7-m/nofp\libc_nano.a(libc_a-closer.o) (errno)
D:/ST/STM32CubeCLT_1.17.0/GNU-tools-for-STM32/bin/../lib/gcc/arm-none-eabi/12.3.1/../../../../arm-none-eabi/lib/thumb/v7-m/nofp\libc_nano.a(libc_a-impure.o)
                              D:/ST/STM32CubeCLT_1.17.0/GNU-tools-for-STM32/bin/../lib/gcc/arm-none-eabi/12.3.1/../../../../arm-none-eabi/lib/thumb/v7-m/nofp\libc_nano.a(libc_a-reent.o) (_impure_ptr)
D:/ST/STM32CubeCLT_1.17.0/GNU-tools-for-STM32/bin/../lib/gcc/arm-none-eabi/12.3.1/../../../../arm-none-eabi/lib/thumb/v7-m/nofp\libc_nano.a(libc_a-lseekr.o)
                              D:/ST/STM32CubeCLT_1.17.0/GNU-tools-for-STM32/bin/../lib/gcc/arm-none-eabi/12.3.1/../../../../arm-none-eabi/lib/thumb/v7-m/nofp\libc_nano.a(libc_a-stdio.o) (_lseek_r)
D:/ST/STM32CubeCLT_1.17.0/GNU-tools-for-STM32/bin/../lib/gcc/arm-none-eabi/12.3.1/../../../../arm-none-eabi/lib/thumb/v7-m/nofp\libc_nano.a(libc_a-readr.o)
                              D:/ST/STM32CubeCLT_1.17.0/GNU-tools-for-STM32/bin/../lib/gcc/arm-none-eabi/12.3.1/../../../../arm-none-eabi/lib/thumb/v7-m/nofp\libc_nano.a(libc_a-stdio.o) (_read_r)
D:/ST/STM32CubeCLT_1.17.0/GNU-tools-for-STM32/bin/../lib/gcc/arm-none-eabi/12.3.1/../../../../arm-none-eabi/lib/thumb/v7-m/nofp\libc_nano.a(libc_a-writer.o)
                              D:/ST/STM32CubeCLT_1.17.0/GNU-tools-for-STM32/bin/../lib/gcc/arm-none-eabi/12.3.1/../../../../arm-none-eabi/lib/thumb/v7-m/nofp\libc_nano.a(libc_a-stdio.o) (_write_r)
D:/ST/STM32CubeCLT_1.17.0/GNU-tools-for-STM32/bin/../lib/gcc/arm-none-eabi/12.3.1/../../../../arm-none-eabi/lib/thumb/v7-m/nofp\libc_nano.a(libc_a-init.o)
                              D:/ST/STM32CubeCLT_1.17.0/GNU-tools-for-STM32/bin/../lib/gcc/arm-none-eabi/12.3.1/../../../../arm-none-eabi/lib/thumb/v7-m/nofp/crt0.o (__libc_init_array)
D:/ST/STM32CubeCLT_1.17.0/GNU-tools-for-STM32/bin/../lib/gcc/arm-none-eabi/12.3.1/../../../../arm-none-eabi/lib/thumb/v7-m/nofp\libc_nano.a(libc_a-lock.o)
                              D:/ST/STM32CubeCLT_1.17.0/GNU-tools-for-STM32/bin/../lib/gcc/arm-none-eabi/12.3.1/../../../../arm-none-eabi/lib/thumb/v7-m/nofp\libc_nano.a(libc_a-findfp.o) (__retarget_lock_init_recursive)
D:/ST/STM32CubeCLT_1.17.0/GNU-tools-for-STM32/bin/../lib/gcc/arm-none-eabi/12.3.1/../../../../arm-none-eabi/lib/thumb/v7-m/nofp\libc_nano.a(libc_a-freer.o)
                              D:/ST/STM32CubeCLT_1.17.0/GNU-tools-for-STM32/bin/../lib/gcc/arm-none-eabi/12.3.1/../../../../arm-none-eabi/lib/thumb/v7-m/nofp\libc_nano.a(libc_a-reent.o) (_free_r)
[...]
Memory Configuration

Name             Origin             Length             Attributes
RAM              0x20000000         0x00005000         xrw
FLASH            0x08000000         0x00010000         xr
*default*        0x00000000         0xffffffff

Linker script and memory map

LOAD D:/ST/STM32CubeCLT_1.17.0/GNU-tools-for-STM32/bin/../lib/gcc/arm-none-eabi/12.3.1/thumb/v7-m/nofp/crti.o
LOAD D:/ST/STM32CubeCLT_1.17.0/GNU-tools-for-STM32/bin/../lib/gcc/arm-none-eabi/12.3.1/thumb/v7-m/nofp/crtbegin.o
LOAD D:/ST/STM32CubeCLT_1.17.0/GNU-tools-for-STM32/bin/../lib/gcc/arm-none-eabi/12.3.1/../../../../arm-none-eabi/lib/thumb/v7-m/nofp/crt0.o
START GROUP
LOAD D:/ST/STM32CubeCLT_1.17.0/GNU-tools-for-STM32/bin/../lib/gcc/arm-none-eabi/12.3.1/../../../../arm-none-eabi/lib/thumb/v7-m/nofp\libc_nano.a
LOAD D:/ST/STM32CubeCLT_1.17.0/GNU-tools-for-STM32/bin/../lib/gcc/arm-none-eabi/12.3.1/../../../../arm-none-eabi/lib/thumb/v7-m/nofp\libm.a
END GROUP
LOAD CMakeFiles/f103c8.dir/Core/Src/main.c.obj
LOAD CMakeFiles/f103c8.dir/Core/Src/gpio.c.obj
LOAD CMakeFiles/f103c8.dir/Core/Src/dma.c.obj
LOAD CMakeFiles/f103c8.dir/Core/Src/i2c.c.obj
LOAD CMakeFiles/f103c8.dir/Core/Src/tim.c.obj
LOAD CMakeFiles/f103c8.dir/Core/Src/usart.c.obj
LOAD CMakeFiles/f103c8.dir/Core/Src/stm32f1xx_it.c.obj
LOAD CMakeFiles/f103c8.dir/Core/Src/stm32f1xx_hal_msp.c.obj
LOAD CMakeFiles/f103c8.dir/Drivers/STM32F1xx_HAL_Driver/Src/stm32f1xx_hal_gpio_ex.c.obj
LOAD CMakeFiles/f103c8.dir/Drivers/STM32F1xx_HAL_Driver/Src/stm32f1xx_hal_i2c.c.obj
LOAD CMakeFiles/f103c8.dir/Drivers/STM32F1xx_HAL_Driver/Src/stm32f1xx_hal.c.obj
LOAD CMakeFiles/f103c8.dir/Drivers/STM32F1xx_HAL_Driver/Src/stm32f1xx_hal_rcc.c.obj
LOAD CMakeFiles/f103c8.dir/Drivers/STM32F1xx_HAL_Driver/Src/stm32f1xx_hal_rcc_ex.c.obj
LOAD CMakeFiles/f103c8.dir/Drivers/STM32F1xx_HAL_Driver/Src/stm32f1xx_hal_gpio.c.obj
LOAD CMakeFiles/f103c8.dir/Drivers/STM32F1xx_HAL_Driver/Src/stm32f1xx_hal_dma.c.obj
LOAD CMakeFiles/f103c8.dir/Drivers/STM32F1xx_HAL_Driver/Src/stm32f1xx_hal_cortex.c.obj
LOAD CMakeFiles/f103c8.dir/Drivers/STM32F1xx_HAL_Driver/Src/stm32f1xx_hal_pwr.c.obj
LOAD CMakeFiles/f103c8.dir/Drivers/STM32F1xx_HAL_Driver/Src/stm32f1xx_hal_flash.c.obj
LOAD CMakeFiles/f103c8.dir/Drivers/STM32F1xx_HAL_Driver/Src/stm32f1xx_hal_flash_ex.c.obj
LOAD CMakeFiles/f103c8.dir/Drivers/STM32F1xx_HAL_Driver/Src/stm32f1xx_hal_exti.c.obj
LOAD CMakeFiles/f103c8.dir/Drivers/STM32F1xx_HAL_Driver/Src/stm32f1xx_hal_tim.c.obj
LOAD CMakeFiles/f103c8.dir/Drivers/STM32F1xx_HAL_Driver/Src/stm32f1xx_hal_tim_ex.c.obj
LOAD CMakeFiles/f103c8.dir/Drivers/STM32F1xx_HAL_Driver/Src/stm32f1xx_hal_uart.c.obj
LOAD CMakeFiles/f103c8.dir/Core/Src/system_stm32f1xx.c.obj
LOAD CMakeFiles/f103c8.dir/Core/Src/sysmem.c.obj
LOAD CMakeFiles/f103c8.dir/Core/Src/syscalls.c.obj
LOAD CMakeFiles/f103c8.dir/startup_stm32f103xb.s.obj
START GROUP
LOAD D:/ST/STM32CubeCLT_1.17.0/GNU-tools-for-STM32/bin/../lib/gcc/arm-none-eabi/12.3.1/thumb/v7-m/nofp\libgcc.a
LOAD D:/ST/STM32CubeCLT_1.17.0/GNU-tools-for-STM32/bin/../lib/gcc/arm-none-eabi/12.3.1/../../../../arm-none-eabi/lib/thumb/v7-m/nofp\libg_nano.a
LOAD D:/ST/STM32CubeCLT_1.17.0/GNU-tools-for-STM32/bin/../lib/gcc/arm-none-eabi/12.3.1/../../../../arm-none-eabi/lib/thumb/v7-m/nofp\libc_nano.a
END GROUP
START GROUP
LOAD D:/ST/STM32CubeCLT_1.17.0/GNU-tools-for-STM32/bin/../lib/gcc/arm-none-eabi/12.3.1/thumb/v7-m/nofp\libgcc.a
LOAD D:/ST/STM32CubeCLT_1.17.0/GNU-tools-for-STM32/bin/../lib/gcc/arm-none-eabi/12.3.1/../../../../arm-none-eabi/lib/thumb/v7-m/nofp\libc_nano.a
END GROUP
LOAD D:/ST/STM32CubeCLT_1.17.0/GNU-tools-for-STM32/bin/../lib/gcc/arm-none-eabi/12.3.1/thumb/v7-m/nofp/crtend.o
LOAD D:/ST/STM32CubeCLT_1.17.0/GNU-tools-for-STM32/bin/../lib/gcc/arm-none-eabi/12.3.1/thumb/v7-m/nofp/crtn.o
                0x20005000                        _estack = (ORIGIN (RAM) + LENGTH (RAM))
                0x00000200                        _Min_Heap_Size = 0x200
                0x00000400                        _Min_Stack_Size = 0x400

.isr_vector     0x08000000      0x10c
                0x08000000                        . = ALIGN (0x4)
 *(.isr_vector)
 .isr_vector    0x08000000      0x10c CMakeFiles/f103c8.dir/startup_stm32f103xb.s.obj
                0x08000000                g_pfnVectors
                0x0800010c                        . = ALIGN (0x4)

.text           0x0800010c     0x50fc
                0x0800010c                        . = ALIGN (0x4)
 *(.text)
 .text          0x0800010c       0x40 D:/ST/STM32CubeCLT_1.17.0/GNU-tools-for-STM32/bin/../lib/gcc/arm-none-eabi/12.3.1/thumb/v7-m/nofp/crtbegin.o
 .text          0x0800014c      0x378 D:/ST/STM32CubeCLT_1.17.0/GNU-tools-for-STM32/bin/../lib/gcc/arm-none-eabi/12.3.1/thumb/v7-m/nofp\libgcc.a(_arm_addsubdf3.o)
                0x0800014c                __aeabi_drsub
                0x08000154                __aeabi_dsub
                0x08000154                __subdf3
                0x08000158                __aeabi_dadd
                0x08000158                __adddf3
                0x080003d0                __floatunsidf
                0x080003d0                __aeabi_ui2d
                0x080003f0                __floatsidf
                0x080003f0                __aeabi_i2d
                0x08000414                __aeabi_f2d
                0x08000414                __extendsfdf2
                0x08000458                __floatundidf
                0x08000458                __aeabi_ul2d
                0x08000468                __floatdidf
                0x08000468                __aeabi_l2d
 .text          0x080004c4      0x21c D:/ST/STM32CubeCLT_1.17.0/GNU-tools-for-STM32/bin/../lib/gcc/arm-none-eabi/12.3.1/thumb/v7-m/nofp\libgcc.a(_arm_addsubsf3.o)
                0x080004c4                __aeabi_frsub
                0x080004cc                __subsf3
                0x080004cc                __aeabi_fsub
                0x080004d0                __aeabi_fadd
                0x080004d0                __addsf3
                0x08000630                __aeabi_ui2f
                0x08000630                __floatunsisf
                0x08000638                __aeabi_i2f
                0x08000638                __floatsisf
                0x08000654                __aeabi_ul2f
                0x08000654                __floatundisf
                0x08000664                __aeabi_l2f
                0x08000664                __floatdisf
 .text          0x080006e0      0x2a0 D:/ST/STM32CubeCLT_1.17.0/GNU-tools-for-STM32/bin/../lib/gcc/arm-none-eabi/12.3.1/thumb/v7-m/nofp\libgcc.a(_arm_muldivsf3.o)
                0x080006e0                __mulsf3
                0x080006e0                __aeabi_fmul
                0x08000848                __aeabi_fdiv
                0x08000848                __divsf3
 *(.text*)
 .text.std      0x08000980       0x6c D:/ST/STM32CubeCLT_1.17.0/GNU-tools-for-STM32/bin/../lib/gcc/arm-none-eabi/12.3.1/../../../../arm-none-eabi/lib/thumb/v7-m/nofp\libc_nano.a(libc_a-findfp.o)
 .text.stdio_exit_handler
                0x080009ec       0x18 D:/ST/STM32CubeCLT_1.17.0/GNU-tools-for-STM32/bin/../lib/gcc/arm-none-eabi/12.3.1/../../../../arm-none-eabi/lib/thumb/v7-m/nofp\libc_nano.a(libc_a-findfp.o)
 .text.cleanup_stdio
                0x08000a04       0x40 D:/ST/STM32CubeCLT_1.17.0/GNU-tools-for-STM32/bin/../lib/gcc/arm-none-eabi/12.3.1/../../../../arm-none-eabi/lib/thumb/v7-m/nofp\libc_nano.a(libc_a-findfp.o)
 .text.global_stdio_init.part.0
                0x08000a44       0x3c D:/ST/STM32CubeCLT_1.17.0/GNU-tools-for-STM32/bin/../lib/gcc/arm-none-eabi/12.3.1/../../../../arm-none-eabi/lib/thumb/v7-m/nofp\libc_nano.a(libc_a-findfp.o)
 .text.__sfp_lock_acquire
                0x08000a80        0xc D:/ST/STM32CubeCLT_1.17.0/GNU-tools-for-STM32/bin/../lib/gcc/arm-none-eabi/12.3.1/../../../../arm-none-eabi/lib/thumb/v7-m/nofp\libc_nano.a(libc_a-findfp.o)
                0x08000a80                __sfp_lock_acquire
 .text.__sfp_lock_release
                0x08000a8c        0xc D:/ST/STM32CubeCLT_1.17.0/GNU-tools-for-STM32/bin/../lib/gcc/arm-none-eabi/12.3.1/../../../../arm-none-eabi/lib/thumb/v7-m/nofp\libc_nano.a(libc_a-findfp.o)
                0x08000a8c                __sfp_lock_release
 .text.__sinit  0x08000a98       0x30 D:/ST/STM32CubeCLT_1.17.0/GNU-tools-for-STM32/bin/../lib/gcc/arm-none-eabi/12.3.1/../../../../arm-none-eabi/lib/thumb/v7-m/nofp\libc_nano.a(libc_a-findfp.o)
                0x08000a98                __sinit
 .text._fwalk_sglue
                0x08000ac8       0x3c D:/ST/STM32CubeCLT_1.17.0/GNU-tools-for-STM32/bin/../lib/gcc/arm-none-eabi/12.3.1/../../../../arm-none-eabi/lib/thumb/v7-m/nofp\libc_nano.a(libc_a-fwalk.o)
                0x08000ac8                _fwalk_sglue
 .text.__sread  0x08000b04       0x22 D:/ST/STM32CubeCLT_1.17.0/GNU-tools-for-STM32/bin/../lib/gcc/arm-none-eabi/12.3.1/../../../../arm-none-eabi/lib/thumb/v7-m/nofp\libc_nano.a(libc_a-stdio.o)
                0x08000b04                __sread
 .text.__swrite
                0x08000b26       0x38 D:/ST/STM32CubeCLT_1.17.0/GNU-tools-for-STM32/bin/../lib/gcc/arm-none-eabi/12.3.1/../../../../arm-none-eabi/lib/thumb/v7-m/nofp\libc_nano.a(libc_a-stdio.o)
                0x08000b26                __swrite
 .text.__sseek  0x08000b5e       0x24 D:/ST/STM32CubeCLT_1.17.0/GNU-tools-for-STM32/bin/../lib/gcc/arm-none-eabi/12.3.1/../../../../arm-none-eabi/lib/thumb/v7-m/nofp\libc_nano.a(libc_a-stdio.o)
                0x08000b5e                __sseek
 .text.__sclose
                0x08000b82        0x8 D:/ST/STM32CubeCLT_1.17.0/GNU-tools-for-STM32/bin/../lib/gcc/arm-none-eabi/12.3.1/../../../../arm-none-eabi/lib/thumb/v7-m/nofp\libc_nano.a(libc_a-stdio.o)
                0x08000b82                __sclose
 .text.memset   0x08000b8a       0x10 D:/ST/STM32CubeCLT_1.17.0/GNU-tools-for-STM32/bin/../lib/gcc/arm-none-eabi/12.3.1/../../../../arm-none-eabi/lib/thumb/v7-m/nofp\libc_nano.a(libc_a-memset.o)
                0x08000b8a                memset
 *fill*         0x08000b9a        0x2 
 .text._close_r
                0x08000b9c       0x20 D:/ST/STM32CubeCLT_1.17.0/GNU-tools-for-STM32/bin/../lib/gcc/arm-none-eabi/12.3.1/../../../../arm-none-eabi/lib/thumb/v7-m/nofp\libc_nano.a(libc_a-closer.o)
                0x08000b9c                _close_r
 .text._lseek_r
                0x08000bbc       0x24 D:/ST/STM32CubeCLT_1.17.0/GNU-tools-for-STM32/bin/../lib/gcc/arm-none-eabi/12.3.1/../../../../arm-none-eabi/lib/thumb/v7-m/nofp\libc_nano.a(libc_a-lseekr.o)
                0x08000bbc                _lseek_r
 .text._read_r  0x08000be0       0x24 D:/ST/STM32CubeCLT_1.17.0/GNU-tools-for-STM32/bin/../lib/gcc/arm-none-eabi/12.3.1/../../../../arm-none-eabi/lib/thumb/v7-m/nofp\libc_nano.a(libc_a-readr.o)
                0x08000be0                _read_r
 .text._write_r
                0x08000c04       0x24 D:/ST/STM32CubeCLT_1.17.0/GNU-tools-for-STM32/bin/../lib/gcc/arm-none-eabi/12.3.1/../../../../arm-none-eabi/lib/thumb/v7-m/nofp\libc_nano.a(libc_a-writer.o)
                0x08000c04                _write_r
 .text.__libc_init_array
                0x08000c28       0x48 D:/ST/STM32CubeCLT_1.17.0/GNU-tools-for-STM32/bin/../lib/gcc/arm-none-eabi/12.3.1/../../../../arm-none-eabi/lib/thumb/v7-m/nofp\libc_nano.a(libc_a-init.o)
                0x08000c28                __libc_init_array
 .text.__retarget_lock_init_recursive
                0x08000c70        0x2 D:/ST/STM32CubeCLT_1.17.0/GNU-tools-for-STM32/bin/../lib/gcc/arm-none-eabi/12.3.1/../../../../arm-none-eabi/lib/thumb/v7-m/nofp\libc_nano.a(libc_a-lock.o)
                0x08000c70                __retarget_lock_init_recursive
 .text.__retarget_lock_acquire_recursive
                0x08000c72        0x2 D:/ST/STM32CubeCLT_1.17.0/GNU-tools-for-STM32/bin/../lib/gcc/arm-none-eabi/12.3.1/../../../../arm-none-eabi/lib/thumb/v7-m/nofp\libc_nano.a(libc_a-lock.o)
                0x08000c72                __retarget_lock_acquire_recursive
 .text.__retarget_lock_release_recursive
                0x08000c74        0x2 D:/ST/STM32CubeCLT_1.17.0/GNU-tools-for-STM32/bin/../lib/gcc/arm-none-eabi/12.3.1/../../../../arm-none-eabi/lib/thumb/v7-m/nofp\libc_nano.a(libc_a-lock.o)
                0x08000c74                __retarget_lock_release_recursive
 *fill*         0x08000c76        0x2 
 .text._free_r  0x08000c78       0x90 D:/ST/STM32CubeCLT_1.17.0/GNU-tools-for-STM32/bin/../lib/gcc/arm-none-eabi/12.3.1/../../../../arm-none-eabi/lib/thumb/v7-m/nofp\libc_nano.a(libc_a-freer.o)
                0x08000c78                _free_r
 .text.sbrk_aligned
                0x08000d08       0x44 D:/ST/STM32CubeCLT_1.17.0/GNU-tools-for-STM32/bin/../lib/gcc/arm-none-eabi/12.3.1/../../../../arm-none-eabi/lib/thumb/v7-m/nofp\libc_nano.a(libc_a-mallocr.o)
 .text._malloc_r
                0x08000d4c      0x100 D:/ST/STM32CubeCLT_1.17.0/GNU-tools-for-STM32/bin/../lib/gcc/arm-none-eabi/12.3.1/../../../../arm-none-eabi/lib/thumb/v7-m/nofp\libc_nano.a(libc_a-mallocr.o)
                0x08000d4c                _malloc_r
 .text.__malloc_lock
                0x08000e4c        0xc D:/ST/STM32CubeCLT_1.17.0/GNU-tools-for-STM32/bin/../lib/gcc/arm-none-eabi/12.3.1/../../../../arm-none-eabi/lib/thumb/v7-m/nofp\libc_nano.a(libc_a-mlock.o)
                0x08000e4c                __malloc_lock
 .text.__malloc_unlock
                0x08000e58        0xc D:/ST/STM32CubeCLT_1.17.0/GNU-tools-for-STM32/bin/../lib/gcc/arm-none-eabi/12.3.1/../../../../arm-none-eabi/lib/thumb/v7-m/nofp\libc_nano.a(libc_a-mlock.o)
                0x08000e58                __malloc_unlock
 .text.__sflush_r
                0x08000e64      0x100 D:/ST/STM32CubeCLT_1.17.0/GNU-tools-for-STM32/bin/../lib/gcc/arm-none-eabi/12.3.1/../../../../arm-none-eabi/lib/thumb/v7-m/nofp\libc_nano.a(libc_a-fflush.o)
                0x08000e64                __sflush_r
 .text._fflush_r
                0x08000f64       0x50 D:/ST/STM32CubeCLT_1.17.0/GNU-tools-for-STM32/bin/../lib/gcc/arm-none-eabi/12.3.1/../../../../arm-none-eabi/lib/thumb/v7-m/nofp\libc_nano.a(libc_a-fflush.o)
                0x08000f64                _fflush_r
 .text._sbrk_r  0x08000fb4       0x20 D:/ST/STM32CubeCLT_1.17.0/GNU-tools-for-STM32/bin/../lib/gcc/arm-none-eabi/12.3.1/../../../../arm-none-eabi/lib/thumb/v7-m/nofp\libc_nano.a(libc_a-sbrkr.o)
                0x08000fb4                _sbrk_r
 .text.SystemClock_Config
                0x08000fd4       0x8a CMakeFiles/f103c8.dir/Core/Src/main.c.obj
                0x08000fd4                SystemClock_Config
 *fill*         0x0800105e        0x2 
 .text.main     0x08001060      0x16c CMakeFiles/f103c8.dir/Core/Src/main.c.obj
                0x08001060                main
 .text.Error_Handler
                0x080011cc        0xc CMakeFiles/f103c8.dir/Core/Src/main.c.obj
                0x080011cc                Error_Handler
 .text.MX_GPIO_Init
                0x080011d8       0xf0 CMakeFiles/f103c8.dir/Core/Src/gpio.c.obj
                0x080011d8                MX_GPIO_Init
 .text.MX_DMA_Init
                0x080012c8       0x4c CMakeFiles/f103c8.dir/Core/Src/dma.c.obj
                0x080012c8                MX_DMA_Init
 .text.MX_I2C1_Init
                0x08001314       0x5c CMakeFiles/f103c8.dir/Core/Src/i2c.c.obj
                0x08001314                MX_I2C1_Init
 .text.HAL_I2C_MspInit
                0x08001370       0x7c CMakeFiles/f103c8.dir/Core/Src/i2c.c.obj
                0x08001370                HAL_I2C_MspInit
 .text.MX_TIM2_Init
                0x080013ec       0x9c CMakeFiles/f103c8.dir/Core/Src/tim.c.obj
                0x080013ec                MX_TIM2_Init
 .text.MX_TIM3_Init
                0x08001488       0xf0 CMakeFiles/f103c8.dir/Core/Src/tim.c.obj
                0x08001488                MX_TIM3_Init
 .text.HAL_TIM_Base_MspInit
                0x08001578       0x80 CMakeFiles/f103c8.dir/Core/Src/tim.c.obj
                0x08001578                HAL_TIM_Base_MspInit
 .text.HAL_TIM_MspPostInit
                0x080015f8       0x64 CMakeFiles/f103c8.dir/Core/Src/tim.c.obj
                0x080015f8                HAL_TIM_MspPostInit
 .text.MX_USART1_UART_Init
                0x0800165c       0x54 CMakeFiles/f103c8.dir/Core/Src/usart.c.obj
                0x0800165c                MX_USART1_UART_Init
 .text.HAL_UART_MspInit
                0x080016b0      0x158 CMakeFiles/f103c8.dir/Core/Src/usart.c.obj
                0x080016b0                HAL_UART_MspInit
 .text.NMI_Handler
                0x08001808        0x8 CMakeFiles/f103c8.dir/Core/Src/stm32f1xx_it.c.obj
                0x08001808                NMI_Handler
 .text.HardFault_Handler
                0x08001810        0x8 CMakeFiles/f103c8.dir/Core/Src/stm32f1xx_it.c.obj
                0x08001810                HardFault_Handler
 .text.MemManage_Handler
                0x08001818        0x8 CMakeFiles/f103c8.dir/Core/Src/stm32f1xx_it.c.obj
                0x08001818                MemManage_Handler
 .text.BusFault_Handler
                0x08001820        0x8 CMakeFiles/f103c8.dir/Core/Src/stm32f1xx_it.c.obj
                0x08001820                BusFault_Handler
 .text.UsageFault_Handler
                0x08001828        0x8 CMakeFiles/f103c8.dir/Core/Src/stm32f1xx_it.c.obj
                0x08001828                UsageFault_Handler
 .text.SVC_Handler
                0x08001830        0xc CMakeFiles/f103c8.dir/Core/Src/stm32f1xx_it.c.obj
                0x08001830                SVC_Handler
 .text.DebugMon_Handler
                0x0800183c        0xc CMakeFiles/f103c8.dir/Core/Src/stm32f1xx_it.c.obj
                0x0800183c                DebugMon_Handler
 .text.PendSV_Handler
                0x08001848        0xc CMakeFiles/f103c8.dir/Core/Src/stm32f1xx_it.c.obj
                0x08001848                PendSV_Handler
 .text.SysTick_Handler
                0x08001854        0xc CMakeFiles/f103c8.dir/Core/Src/stm32f1xx_it.c.obj
                0x08001854                SysTick_Handler
 .text.DMA1_Channel4_IRQHandler
                0x08001860       0x14 CMakeFiles/f103c8.dir/Core/Src/stm32f1xx_it.c.obj
                0x08001860                DMA1_Channel4_IRQHandler
 .text.DMA1_Channel5_IRQHandler
                0x08001874       0x14 CMakeFiles/f103c8.dir/Core/Src/stm32f1xx_it.c.obj
                0x08001874                DMA1_Channel5_IRQHandler
 .text.TIM2_IRQHandler
                0x08001888       0x14 CMakeFiles/f103c8.dir/Core/Src/stm32f1xx_it.c.obj
                0x08001888                TIM2_IRQHandler
 .text.TIM3_IRQHandler
                0x0800189c       0x14 CMakeFiles/f103c8.dir/Core/Src/stm32f1xx_it.c.obj
                0x0800189c                TIM3_IRQHandler
 .text.USART1_IRQHandler
                0x080018b0       0x14 CMakeFiles/f103c8.dir/Core/Src/stm32f1xx_it.c.obj
                0x080018b0                USART1_IRQHandler
 .text.HAL_MspInit
                0x080018c4       0x64 CMakeFiles/f103c8.dir/Core/Src/stm32f1xx_hal_msp.c.obj
                0x080018c4                HAL_MspInit
 .text.HAL_I2C_Init
                0x08001928      0x288 CMakeFiles/f103c8.dir/Drivers/STM32F1xx_HAL_Driver/Src/stm32f1xx_hal_i2c.c.obj
                0x08001928                HAL_I2C_Init
 .text.HAL_Init
                0x08001bb0       0x2c CMakeFiles/f103c8.dir/Drivers/STM32F1xx_HAL_Driver/Src/stm32f1xx_hal.c.obj
                0x08001bb0                HAL_Init
 .text.HAL_InitTick
                0x08001bdc       0x60 CMakeFiles/f103c8.dir/Drivers/STM32F1xx_HAL_Driver/Src/stm32f1xx_hal.c.obj
                0x08001bdc                HAL_InitTick
 .text.HAL_IncTick
                0x08001c3c       0x24 CMakeFiles/f103c8.dir/Drivers/STM32F1xx_HAL_Driver/Src/stm32f1xx_hal.c.obj
                0x08001c3c                HAL_IncTick
 .text.HAL_GetTick
                0x08001c60       0x14 CMakeFiles/f103c8.dir/Drivers/STM32F1xx_HAL_Driver/Src/stm32f1xx_hal.c.obj
                0x08001c60                HAL_GetTick
 .text.HAL_Delay
                0x08001c74       0x48 CMakeFiles/f103c8.dir/Drivers/STM32F1xx_HAL_Driver/Src/stm32f1xx_hal.c.obj
                0x08001c74                HAL_Delay
 .text.HAL_RCC_OscConfig
                0x08001cbc      0x504 CMakeFiles/f103c8.dir/Drivers/STM32F1xx_HAL_Driver/Src/stm32f1xx_hal_rcc.c.obj
                0x08001cbc                HAL_RCC_OscConfig
 .text.HAL_RCC_ClockConfig
                0x080021c0      0x1d4 CMakeFiles/f103c8.dir/Drivers/STM32F1xx_HAL_Driver/Src/stm32f1xx_hal_rcc.c.obj
                0x080021c0                HAL_RCC_ClockConfig
 .text.HAL_RCC_GetSysClockFreq
                0x08002394       0xa8 CMakeFiles/f103c8.dir/Drivers/STM32F1xx_HAL_Driver/Src/stm32f1xx_hal_rcc.c.obj
                0x08002394                HAL_RCC_GetSysClockFreq
 .text.HAL_RCC_GetHCLKFreq
                0x0800243c       0x14 CMakeFiles/f103c8.dir/Drivers/STM32F1xx_HAL_Driver/Src/stm32f1xx_hal_rcc.c.obj
                0x0800243c                HAL_RCC_GetHCLKFreq
 .text.HAL_RCC_GetPCLK1Freq
                0x08002450       0x28 CMakeFiles/f103c8.dir/Drivers/STM32F1xx_HAL_Driver/Src/stm32f1xx_hal_rcc.c.obj
                0x08002450                HAL_RCC_GetPCLK1Freq
 .text.HAL_RCC_GetPCLK2Freq
                0x08002478       0x28 CMakeFiles/f103c8.dir/Drivers/STM32F1xx_HAL_Driver/Src/stm32f1xx_hal_rcc.c.obj
                0x08002478                HAL_RCC_GetPCLK2Freq
 .text.RCC_Delay
                0x080024a0       0x3c CMakeFiles/f103c8.dir/Drivers/STM32F1xx_HAL_Driver/Src/stm32f1xx_hal_rcc.c.obj
 .text.HAL_GPIO_Init
                0x080024dc      0x308 CMakeFiles/f103c8.dir/Drivers/STM32F1xx_HAL_Driver/Src/stm32f1xx_hal_gpio.c.obj
                0x080024dc                HAL_GPIO_Init
 .text.HAL_GPIO_WritePin
                0x080027e4       0x30 CMakeFiles/f103c8.dir/Drivers/STM32F1xx_HAL_Driver/Src/stm32f1xx_hal_gpio.c.obj
                0x080027e4                HAL_GPIO_WritePin
 .text.HAL_DMA_Init
                0x08002814       0xb4 CMakeFiles/f103c8.dir/Drivers/STM32F1xx_HAL_Driver/Src/stm32f1xx_hal_dma.c.obj
                0x08002814                HAL_DMA_Init
 .text.HAL_DMA_Abort
                0x080028c8       0x76 CMakeFiles/f103c8.dir/Drivers/STM32F1xx_HAL_Driver/Src/stm32f1xx_hal_dma.c.obj
                0x080028c8                HAL_DMA_Abort
 *fill*         0x0800293e        0x2 
 .text.HAL_DMA_Abort_IT
                0x08002940       0xf0 CMakeFiles/f103c8.dir/Drivers/STM32F1xx_HAL_Driver/Src/stm32f1xx_hal_dma.c.obj
                0x08002940                HAL_DMA_Abort_IT
 .text.HAL_DMA_IRQHandler
                0x08002a30      0x20c CMakeFiles/f103c8.dir/Drivers/STM32F1xx_HAL_Driver/Src/stm32f1xx_hal_dma.c.obj
                0x08002a30                HAL_DMA_IRQHandler
 .text.__NVIC_SetPriorityGrouping
                0x08002c3c       0x48 CMakeFiles/f103c8.dir/Drivers/STM32F1xx_HAL_Driver/Src/stm32f1xx_hal_cortex.c.obj
 .text.__NVIC_GetPriorityGrouping
                0x08002c84       0x1c CMakeFiles/f103c8.dir/Drivers/STM32F1xx_HAL_Driver/Src/stm32f1xx_hal_cortex.c.obj
 .text.__NVIC_EnableIRQ
                0x08002ca0       0x38 CMakeFiles/f103c8.dir/Drivers/STM32F1xx_HAL_Driver/Src/stm32f1xx_hal_cortex.c.obj
 .text.__NVIC_SetPriority
                0x08002cd8       0x54 CMakeFiles/f103c8.dir/Drivers/STM32F1xx_HAL_Driver/Src/stm32f1xx_hal_cortex.c.obj
 .text.NVIC_EncodePriority
                0x08002d2c       0x64 CMakeFiles/f103c8.dir/Drivers/STM32F1xx_HAL_Driver/Src/stm32f1xx_hal_cortex.c.obj
 .text.SysTick_Config
                0x08002d90       0x44 CMakeFiles/f103c8.dir/Drivers/STM32F1xx_HAL_Driver/Src/stm32f1xx_hal_cortex.c.obj
 .text.HAL_NVIC_SetPriorityGrouping
                0x08002dd4       0x16 CMakeFiles/f103c8.dir/Drivers/STM32F1xx_HAL_Driver/Src/stm32f1xx_hal_cortex.c.obj
                0x08002dd4                HAL_NVIC_SetPriorityGrouping
 .text.HAL_NVIC_SetPriority
                0x08002dea       0x38 CMakeFiles/f103c8.dir/Drivers/STM32F1xx_HAL_Driver/Src/stm32f1xx_hal_cortex.c.obj
                0x08002dea                HAL_NVIC_SetPriority
 .text.HAL_NVIC_EnableIRQ
                0x08002e22       0x1c CMakeFiles/f103c8.dir/Drivers/STM32F1xx_HAL_Driver/Src/stm32f1xx_hal_cortex.c.obj
                0x08002e22                HAL_NVIC_EnableIRQ
 .text.HAL_SYSTICK_Config
                0x08002e3e       0x18 CMakeFiles/f103c8.dir/Drivers/STM32F1xx_HAL_Driver/Src/stm32f1xx_hal_cortex.c.obj
                0x08002e3e                HAL_SYSTICK_Config
 .text.HAL_TIM_Base_Init
                0x08002e56       0x9e CMakeFiles/f103c8.dir/Drivers/STM32F1xx_HAL_Driver/Src/stm32f1xx_hal_tim.c.obj
                0x08002e56                HAL_TIM_Base_Init
 .text.HAL_TIM_Base_Start_IT
                0x08002ef4       0xa4 CMakeFiles/f103c8.dir/Drivers/STM32F1xx_HAL_Driver/Src/stm32f1xx_hal_tim.c.obj
                0x08002ef4                HAL_TIM_Base_Start_IT
 .text.HAL_TIM_PWM_Init
                0x08002f98       0x9e CMakeFiles/f103c8.dir/Drivers/STM32F1xx_HAL_Driver/Src/stm32f1xx_hal_tim.c.obj
                0x08002f98                HAL_TIM_PWM_Init
 .text.HAL_TIM_PWM_MspInit
                0x08003036       0x12 CMakeFiles/f103c8.dir/Drivers/STM32F1xx_HAL_Driver/Src/stm32f1xx_hal_tim.c.obj
                0x08003036                HAL_TIM_PWM_MspInit
 .text.HAL_TIM_PWM_Start
                0x08003048      0x144 CMakeFiles/f103c8.dir/Drivers/STM32F1xx_HAL_Driver/Src/stm32f1xx_hal_tim.c.obj
                0x08003048                HAL_TIM_PWM_Start
 .text.HAL_TIM_IRQHandler
                0x0800318c      0x1e0 CMakeFiles/f103c8.dir/Drivers/STM32F1xx_HAL_Driver/Src/stm32f1xx_hal_tim.c.obj
                0x0800318c                HAL_TIM_IRQHandler
 .text.HAL_TIM_PWM_ConfigChannel
                0x0800336c      0x184 CMakeFiles/f103c8.dir/Drivers/STM32F1xx_HAL_Driver/Src/stm32f1xx_hal_tim.c.obj
                0x0800336c                HAL_TIM_PWM_ConfigChannel
 .text.HAL_TIM_ConfigClockSource
                0x080034f0      0x18e CMakeFiles/f103c8.dir/Drivers/STM32F1xx_HAL_Driver/Src/stm32f1xx_hal_tim.c.obj
                0x080034f0                HAL_TIM_ConfigClockSource
 .text.HAL_TIM_PeriodElapsedCallback
                0x0800367e       0x12 CMakeFiles/f103c8.dir/Drivers/STM32F1xx_HAL_Driver/Src/stm32f1xx_hal_tim.c.obj
                0x0800367e                HAL_TIM_PeriodElapsedCallback
 .text.HAL_TIM_OC_DelayElapsedCallback
                0x08003690       0x12 CMakeFiles/f103c8.dir/Drivers/STM32F1xx_HAL_Driver/Src/stm32f1xx_hal_tim.c.obj
                0x08003690                HAL_TIM_OC_DelayElapsedCallback
 .text.HAL_TIM_IC_CaptureCallback
                0x080036a2       0x12 CMakeFiles/f103c8.dir/Drivers/STM32F1xx_HAL_Driver/Src/stm32f1xx_hal_tim.c.obj
                0x080036a2                HAL_TIM_IC_CaptureCallback
 .text.HAL_TIM_PWM_PulseFinishedCallback
                0x080036b4       0x12 CMakeFiles/f103c8.dir/Drivers/STM32F1xx_HAL_Driver/Src/stm32f1xx_hal_tim.c.obj
                0x080036b4                HAL_TIM_PWM_PulseFinishedCallback
 .text.HAL_TIM_TriggerCallback
                0x080036c6       0x12 CMakeFiles/f103c8.dir/Drivers/STM32F1xx_HAL_Driver/Src/stm32f1xx_hal_tim.c.obj
                0x080036c6                HAL_TIM_TriggerCallback
 .text.TIM_Base_SetConfig
                0x080036d8       0xdc CMakeFiles/f103c8.dir/Drivers/STM32F1xx_HAL_Driver/Src/stm32f1xx_hal_tim.c.obj
                0x080036d8                TIM_Base_SetConfig
 .text.TIM_OC1_SetConfig
                0x080037b4       0xcc CMakeFiles/f103c8.dir/Drivers/STM32F1xx_HAL_Driver/Src/stm32f1xx_hal_tim.c.obj
 .text.TIM_OC2_SetConfig
                0x08003880       0xd4 CMakeFiles/f103c8.dir/Drivers/STM32F1xx_HAL_Driver/Src/stm32f1xx_hal_tim.c.obj
                0x08003880                TIM_OC2_SetConfig
 .text.TIM_OC3_SetConfig
                0x08003954       0xd4 CMakeFiles/f103c8.dir/Drivers/STM32F1xx_HAL_Driver/Src/stm32f1xx_hal_tim.c.obj
 .text.TIM_OC4_SetConfig
                0x08003a28       0x9c CMakeFiles/f103c8.dir/Drivers/STM32F1xx_HAL_Driver/Src/stm32f1xx_hal_tim.c.obj
 .text.TIM_TI1_ConfigInputStage
                0x08003ac4       0x5c CMakeFiles/f103c8.dir/Drivers/STM32F1xx_HAL_Driver/Src/stm32f1xx_hal_tim.c.obj
 .text.TIM_TI2_ConfigInputStage
                0x08003b20       0x5e CMakeFiles/f103c8.dir/Drivers/STM32F1xx_HAL_Driver/Src/stm32f1xx_hal_tim.c.obj
 .text.TIM_ITRx_SetConfig
                0x08003b7e       0x34 CMakeFiles/f103c8.dir/Drivers/STM32F1xx_HAL_Driver/Src/stm32f1xx_hal_tim.c.obj
 .text.TIM_ETR_SetConfig
                0x08003bb2       0x3e CMakeFiles/f103c8.dir/Drivers/STM32F1xx_HAL_Driver/Src/stm32f1xx_hal_tim.c.obj
                0x08003bb2                TIM_ETR_SetConfig
 .text.TIM_CCxChannelCmd
                0x08003bf0       0x48 CMakeFiles/f103c8.dir/Drivers/STM32F1xx_HAL_Driver/Src/stm32f1xx_hal_tim.c.obj
                0x08003bf0                TIM_CCxChannelCmd
 .text.HAL_TIMEx_MasterConfigSynchronization
                0x08003c38       0xbc CMakeFiles/f103c8.dir/Drivers/STM32F1xx_HAL_Driver/Src/stm32f1xx_hal_tim_ex.c.obj
                0x08003c38                HAL_TIMEx_MasterConfigSynchronization
 .text.HAL_TIMEx_CommutCallback
                0x08003cf4       0x12 CMakeFiles/f103c8.dir/Drivers/STM32F1xx_HAL_Driver/Src/stm32f1xx_hal_tim_ex.c.obj
                0x08003cf4                HAL_TIMEx_CommutCallback
 .text.HAL_TIMEx_BreakCallback
                0x08003d06       0x12 CMakeFiles/f103c8.dir/Drivers/STM32F1xx_HAL_Driver/Src/stm32f1xx_hal_tim_ex.c.obj
                0x08003d06                HAL_TIMEx_BreakCallback
 .text.HAL_UART_Init
                0x08003d18       0xa0 CMakeFiles/f103c8.dir/Drivers/STM32F1xx_HAL_Driver/Src/stm32f1xx_hal_uart.c.obj
                0x08003d18                HAL_UART_Init
 .text.HAL_UART_IRQHandler
                0x08003db8      0x524 CMakeFiles/f103c8.dir/Drivers/STM32F1xx_HAL_Driver/Src/stm32f1xx_hal_uart.c.obj
                0x08003db8                HAL_UART_IRQHandler
 .text.HAL_UART_TxCpltCallback
                0x080042dc       0x12 CMakeFiles/f103c8.dir/Drivers/STM32F1xx_HAL_Driver/Src/stm32f1xx_hal_uart.c.obj
                0x080042dc                HAL_UART_TxCpltCallback
 .text.HAL_UART_RxCpltCallback
                0x080042ee       0x12 CMakeFiles/f103c8.dir/Drivers/STM32F1xx_HAL_Driver/Src/stm32f1xx_hal_uart.c.obj
                0x080042ee                HAL_UART_RxCpltCallback
 .text.HAL_UART_ErrorCallback
                0x08004300       0x12 CMakeFiles/f103c8.dir/Drivers/STM32F1xx_HAL_Driver/Src/stm32f1xx_hal_uart.c.obj
                0x08004300                HAL_UART_ErrorCallback
 .text.HAL_UARTEx_RxEventCallback
                0x08004312       0x16 CMakeFiles/f103c8.dir/Drivers/STM32F1xx_HAL_Driver/Src/stm32f1xx_hal_uart.c.obj
                0x08004312                HAL_UARTEx_RxEventCallback
 .text.UART_EndRxTransfer
                0x08004328       0xc4 CMakeFiles/f103c8.dir/Drivers/STM32F1xx_HAL_Driver/Src/stm32f1xx_hal_uart.c.obj
 .text.UART_DMAAbortOnError
                0x080043ec       0x28 CMakeFiles/f103c8.dir/Drivers/STM32F1xx_HAL_Driver/Src/stm32f1xx_hal_uart.c.obj
 .text.UART_Transmit_IT
                0x08004414       0x9e CMakeFiles/f103c8.dir/Drivers/STM32F1xx_HAL_Driver/Src/stm32f1xx_hal_uart.c.obj
 .text.UART_EndTransmit_IT
                0x080044b2       0x30 CMakeFiles/f103c8.dir/Drivers/STM32F1xx_HAL_Driver/Src/stm32f1xx_hal_uart.c.obj
 .text.UART_Receive_IT
                0x080044e2      0x17c CMakeFiles/f103c8.dir/Drivers/STM32F1xx_HAL_Driver/Src/stm32f1xx_hal_uart.c.obj
 *fill*         0x0800465e        0x2 
 .text.UART_SetConfig
                0x08004660      0x11c CMakeFiles/f103c8.dir/Drivers/STM32F1xx_HAL_Driver/Src/stm32f1xx_hal_uart.c.obj
 .text.SystemInit
                0x0800477c        0xc CMakeFiles/f103c8.dir/Core/Src/system_stm32f1xx.c.obj
                0x0800477c                SystemInit
 .text._sbrk    0x08004788       0x6c CMakeFiles/f103c8.dir/Core/Src/sysmem.c.obj
                0x08004788                _sbrk
 .text._read    0x080047f4       0x3a CMakeFiles/f103c8.dir/Core/Src/syscalls.c.obj
                0x080047f4                _read
 .text._write   0x0800482e       0x38 CMakeFiles/f103c8.dir/Core/Src/syscalls.c.obj
                0x0800482e                _write
 .text._close   0x08004866       0x16 CMakeFiles/f103c8.dir/Core/Src/syscalls.c.obj
                0x08004866                _close
 .text._fstat   0x0800487c       0x1e CMakeFiles/f103c8.dir/Core/Src/syscalls.c.obj
                0x0800487c                _fstat
 .text._isatty  0x0800489a       0x14 CMakeFiles/f103c8.dir/Core/Src/syscalls.c.obj
                0x0800489a                _isatty
 .text._lseek   0x080048ae       0x18 CMakeFiles/f103c8.dir/Core/Src/syscalls.c.obj
                0x080048ae                _lseek
 *fill*         0x080048c6        0x2 
 .text.Reset_Handler
                0x080048c8       0x48 CMakeFiles/f103c8.dir/startup_stm32f103xb.s.obj
                0x080048c8                Reset_Handler
 .text.Default_Handler
                0x08004910        0x2 CMakeFiles/f103c8.dir/startup_stm32f103xb.s.obj
                0x08004910                RTC_Alarm_IRQHandler
                0x08004910                EXTI2_IRQHandler
                0x08004910                TIM1_CC_IRQHandler
                0x08004910                PVD_IRQHandler
                0x08004910                EXTI3_IRQHandler
                0x08004910                EXTI0_IRQHandler
                0x08004910                I2C2_EV_IRQHandler
                0x08004910                ADC1_2_IRQHandler
                0x08004910                SPI1_IRQHandler
                0x08004910                TAMPER_IRQHandler
                0x08004910                USART3_IRQHandler
                0x08004910                RTC_IRQHandler
                0x08004910                DMA1_Channel7_IRQHandler
                0x08004910                CAN1_RX1_IRQHandler
                0x08004910                TIM4_IRQHandler
                0x08004910                I2C1_EV_IRQHandler
                0x08004910                DMA1_Channel6_IRQHandler
                0x08004910                RCC_IRQHandler
                0x08004910                TIM1_TRG_COM_IRQHandler
                0x08004910                DMA1_Channel1_IRQHandler
                0x08004910                Default_Handler
                0x08004910                EXTI15_10_IRQHandler
                0x08004910                EXTI9_5_IRQHandler
                0x08004910                SPI2_IRQHandler
                0x08004910                EXTI4_IRQHandler
                0x08004910                USB_LP_CAN1_RX0_IRQHandler
                0x08004910                USB_HP_CAN1_TX_IRQHandler
                0x08004910                DMA1_Channel3_IRQHandler
                0x08004910                TIM1_UP_IRQHandler
                0x08004910                WWDG_IRQHandler
                0x08004910                TIM1_BRK_IRQHandler
                0x08004910                EXTI1_IRQHandler
                0x08004910                USART2_IRQHandler
                0x08004910                I2C2_ER_IRQHandler
                0x08004910                DMA1_Channel2_IRQHandler
                0x08004910                CAN1_SCE_IRQHandler
                0x08004910                FLASH_IRQHandler
                0x08004910                I2C1_ER_IRQHandler
                0x08004910                USBWakeUp_IRQHandler
 *fill*         0x08004912        0x2 
 .text.printf   0x08004914       0x24 D:/ST/STM32CubeCLT_1.17.0/GNU-tools-for-STM32/bin/../lib/gcc/arm-none-eabi/12.3.1/../../../../arm-none-eabi/lib/thumb/v7-m/nofp\libg_nano.a(libc_a-printf.o)
                0x08004914                iprintf
                0x08004914                printf
 .text._puts_r  0x08004938       0xaa D:/ST/STM32CubeCLT_1.17.0/GNU-tools-for-STM32/bin/../lib/gcc/arm-none-eabi/12.3.1/../../../../arm-none-eabi/lib/thumb/v7-m/nofp\libg_nano.a(libc_a-puts.o)
                0x08004938                _puts_r
 *fill*         0x080049e2        0x2 
 .text.puts     0x080049e4       0x10 D:/ST/STM32CubeCLT_1.17.0/GNU-tools-for-STM32/bin/../lib/gcc/arm-none-eabi/12.3.1/../../../../arm-none-eabi/lib/thumb/v7-m/nofp\libg_nano.a(libc_a-puts.o)
                0x080049e4                puts
 .text.__swbuf_r
                0x080049f4       0x7c D:/ST/STM32CubeCLT_1.17.0/GNU-tools-for-STM32/bin/../lib/gcc/arm-none-eabi/12.3.1/../../../../arm-none-eabi/lib/thumb/v7-m/nofp\libg_nano.a(libc_a-wbuf.o)
                0x080049f4                __swbuf_r
 .text.__swsetup_r
                0x08004a70       0xac D:/ST/STM32CubeCLT_1.17.0/GNU-tools-for-STM32/bin/../lib/gcc/arm-none-eabi/12.3.1/../../../../arm-none-eabi/lib/thumb/v7-m/nofp\libg_nano.a(libc_a-wsetup.o)
                0x08004a70                __swsetup_r
 .text.__errno  0x08004b1c        0xc D:/ST/STM32CubeCLT_1.17.0/GNU-tools-for-STM32/bin/../lib/gcc/arm-none-eabi/12.3.1/../../../../arm-none-eabi/lib/thumb/v7-m/nofp\libg_nano.a(libc_a-errno.o)
                0x08004b1c                __errno
 .text.__sfputc_r
                0x08004b28       0x2a D:/ST/STM32CubeCLT_1.17.0/GNU-tools-for-STM32/bin/../lib/gcc/arm-none-eabi/12.3.1/../../../../arm-none-eabi/lib/thumb/v7-m/nofp\libg_nano.a(libc_a-nano-vfprintf.o)
 .text.__sfputs_r
                0x08004b52       0x24 D:/ST/STM32CubeCLT_1.17.0/GNU-tools-for-STM32/bin/../lib/gcc/arm-none-eabi/12.3.1/../../../../arm-none-eabi/lib/thumb/v7-m/nofp\libg_nano.a(libc_a-nano-vfprintf.o)
                0x08004b52                __sfputs_r
 *fill*         0x08004b76        0x2 
 .text._vfprintf_r
                0x08004b78      0x230 D:/ST/STM32CubeCLT_1.17.0/GNU-tools-for-STM32/bin/../lib/gcc/arm-none-eabi/12.3.1/../../../../arm-none-eabi/lib/thumb/v7-m/nofp\libg_nano.a(libc_a-nano-vfprintf.o)
                0x08004b78                _vfprintf_r
                0x08004b78                _vfiprintf_r
 .text._printf_common
                0x08004da8       0xe4 D:/ST/STM32CubeCLT_1.17.0/GNU-tools-for-STM32/bin/../lib/gcc/arm-none-eabi/12.3.1/../../../../arm-none-eabi/lib/thumb/v7-m/nofp\libg_nano.a(libc_a-nano-vfprintf_i.o)
                0x08004da8                _printf_common
 .text._printf_i
                0x08004e8c      0x240 D:/ST/STM32CubeCLT_1.17.0/GNU-tools-for-STM32/bin/../lib/gcc/arm-none-eabi/12.3.1/../../../../arm-none-eabi/lib/thumb/v7-m/nofp\libg_nano.a(libc_a-nano-vfprintf_i.o)
                0x08004e8c                _printf_i
 .text.__swhatbuf_r
                0x080050cc       0x4a D:/ST/STM32CubeCLT_1.17.0/GNU-tools-for-STM32/bin/../lib/gcc/arm-none-eabi/12.3.1/../../../../arm-none-eabi/lib/thumb/v7-m/nofp\libg_nano.a(libc_a-makebuf.o)
                0x080050cc                __swhatbuf_r
 .text.__smakebuf_r
                0x08005116       0x78 D:/ST/STM32CubeCLT_1.17.0/GNU-tools-for-STM32/bin/../lib/gcc/arm-none-eabi/12.3.1/../../../../arm-none-eabi/lib/thumb/v7-m/nofp\libg_nano.a(libc_a-makebuf.o)
                0x08005116                __smakebuf_r
 *fill*         0x0800518e        0x2 
 .text._fstat_r
                0x08005190       0x24 D:/ST/STM32CubeCLT_1.17.0/GNU-tools-for-STM32/bin/../lib/gcc/arm-none-eabi/12.3.1/../../../../arm-none-eabi/lib/thumb/v7-m/nofp\libg_nano.a(libc_a-fstatr.o)
                0x08005190                _fstat_r
 .text._isatty_r
                0x080051b4       0x20 D:/ST/STM32CubeCLT_1.17.0/GNU-tools-for-STM32/bin/../lib/gcc/arm-none-eabi/12.3.1/../../../../arm-none-eabi/lib/thumb/v7-m/nofp\libg_nano.a(libc_a-isattyr.o)
                0x080051b4                _isatty_r
 .text.memchr   0x080051d4       0x1c D:/ST/STM32CubeCLT_1.17.0/GNU-tools-for-STM32/bin/../lib/gcc/arm-none-eabi/12.3.1/../../../../arm-none-eabi/lib/thumb/v7-m/nofp\libg_nano.a(libc_a-memchr-stub.o)
                0x080051d4                memchr
 *(.glue_7)
 .glue_7        0x080051f0        0x0 linker stubs
 *(.glue_7t)
 .glue_7t       0x080051f0        0x0 linker stubs
 *(.eh_frame)
 .eh_frame      0x080051f0        0x0 D:/ST/STM32CubeCLT_1.17.0/GNU-tools-for-STM32/bin/../lib/gcc/arm-none-eabi/12.3.1/thumb/v7-m/nofp/crtbegin.o
 *(.init)
 .init          0x080051f0        0x4 D:/ST/STM32CubeCLT_1.17.0/GNU-tools-for-STM32/bin/../lib/gcc/arm-none-eabi/12.3.1/thumb/v7-m/nofp/crti.o
                0x080051f0                _init
 .init          0x080051f4        0x8 D:/ST/STM32CubeCLT_1.17.0/GNU-tools-for-STM32/bin/../lib/gcc/arm-none-eabi/12.3.1/thumb/v7-m/nofp/crtn.o
 *(.fini)
 .fini          0x080051fc        0x4 D:/ST/STM32CubeCLT_1.17.0/GNU-tools-for-STM32/bin/../lib/gcc/arm-none-eabi/12.3.1/thumb/v7-m/nofp/crti.o
                0x080051fc                _fini
 .fini          0x08005200        0x8 D:/ST/STM32CubeCLT_1.17.0/GNU-tools-for-STM32/bin/../lib/gcc/arm-none-eabi/12.3.1/thumb/v7-m/nofp/crtn.o
                0x08005208                        . = ALIGN (0x4)
                0x08005208                        _etext = .

.vfp11_veneer   0x08005208        0x0
 .vfp11_veneer  0x08005208        0x0 linker stubs

.v4_bx          0x08005208        0x0
 .v4_bx         0x08005208        0x0 linker stubs

.iplt           0x08005208        0x0
 .iplt          0x08005208        0x0 D:/ST/STM32CubeCLT_1.17.0/GNU-tools-for-STM32/bin/../lib/gcc/arm-none-eabi/12.3.1/thumb/v7-m/nofp/crtbegin.o

.rodata         0x08005208       0x90
                0x08005208                        . = ALIGN (0x4)
 *(.rodata)
 .rodata        0x08005208       0x2e CMakeFiles/f103c8.dir/Core/Src/main.c.obj
 *(.rodata*)
 *fill*         0x08005236        0x2 
 .rodata.aPLLMULFactorTable.1
                0x08005238       0x10 CMakeFiles/f103c8.dir/Drivers/STM32F1xx_HAL_Driver/Src/stm32f1xx_hal_rcc.c.obj
 .rodata.aPredivFactorTable.0
                0x08005248        0x2 CMakeFiles/f103c8.dir/Drivers/STM32F1xx_HAL_Driver/Src/stm32f1xx_hal_rcc.c.obj
 *fill*         0x0800524a        0x2 
 .rodata.AHBPrescTable
                0x0800524c       0x10 CMakeFiles/f103c8.dir/Core/Src/system_stm32f1xx.c.obj
                0x0800524c                AHBPrescTable
 .rodata.APBPrescTable
                0x0800525c        0x8 CMakeFiles/f103c8.dir/Core/Src/system_stm32f1xx.c.obj
                0x0800525c                APBPrescTable
 .rodata._vfprintf_r.str1.1
                0x08005264       0x11 D:/ST/STM32CubeCLT_1.17.0/GNU-tools-for-STM32/bin/../lib/gcc/arm-none-eabi/12.3.1/../../../../arm-none-eabi/lib/thumb/v7-m/nofp\libg_nano.a(libc_a-nano-vfprintf.o)
 .rodata._printf_i.str1.1
                0x08005275       0x22 D:/ST/STM32CubeCLT_1.17.0/GNU-tools-for-STM32/bin/../lib/gcc/arm-none-eabi/12.3.1/../../../../arm-none-eabi/lib/thumb/v7-m/nofp\libg_nano.a(libc_a-nano-vfprintf_i.o)
                0x08005298                        . = ALIGN (0x4)
 *fill*         0x08005297        0x1 

.rel.dyn        0x08005298        0x0
 .rel.iplt      0x08005298        0x0 D:/ST/STM32CubeCLT_1.17.0/GNU-tools-for-STM32/bin/../lib/gcc/arm-none-eabi/12.3.1/thumb/v7-m/nofp/crtbegin.o

.ARM.extab
 *(.ARM.extab* .gnu.linkonce.armextab.*)

.ARM            0x08005298        0x0
                0x08005298                        __exidx_start = .
 *(.ARM.exidx*)
                0x08005298                        __exidx_end = .

.preinit_array  0x08005298        0x0
                0x08005298                        PROVIDE (__preinit_array_start = .)
 *(.preinit_array*)
                0x08005298                        PROVIDE (__preinit_array_end = .)

.init_array     0x08005298        0x4
                0x08005298                        PROVIDE (__init_array_start = .)
 *(SORT_BY_NAME(.init_array.*))
 *(.init_array*)
 .init_array    0x08005298        0x4 D:/ST/STM32CubeCLT_1.17.0/GNU-tools-for-STM32/bin/../lib/gcc/arm-none-eabi/12.3.1/thumb/v7-m/nofp/crtbegin.o
                0x0800529c                        PROVIDE (__init_array_end = .)

.fini_array     0x0800529c        0x4
                [!provide]                        PROVIDE (__fini_array_start = .)
 *(SORT_BY_NAME(.fini_array.*))
 *(.fini_array*)
 .fini_array    0x0800529c        0x4 D:/ST/STM32CubeCLT_1.17.0/GNU-tools-for-STM32/bin/../lib/gcc/arm-none-eabi/12.3.1/thumb/v7-m/nofp/crtbegin.o
                [!provide]                        PROVIDE (__fini_array_end = .)
                0x080052a0                        _sidata = LOADADDR (.data)

.data           0x20000000       0x68 load address 0x080052a0
                0x20000000                        . = ALIGN (0x4)
                0x20000000                        _sdata = .
 *(.data)
 *(.data*)
 .data.__sglue  0x20000000        0xc D:/ST/STM32CubeCLT_1.17.0/GNU-tools-for-STM32/bin/../lib/gcc/arm-none-eabi/12.3.1/../../../../arm-none-eabi/lib/thumb/v7-m/nofp\libc_nano.a(libc_a-findfp.o)
                0x20000000                __sglue
 .data._impure_ptr
                0x2000000c        0x4 D:/ST/STM32CubeCLT_1.17.0/GNU-tools-for-STM32/bin/../lib/gcc/arm-none-eabi/12.3.1/../../../../arm-none-eabi/lib/thumb/v7-m/nofp\libc_nano.a(libc_a-impure.o)
                0x2000000c                _impure_ptr
 .data._impure_data
                0x20000010       0x4c D:/ST/STM32CubeCLT_1.17.0/GNU-tools-for-STM32/bin/../lib/gcc/arm-none-eabi/12.3.1/../../../../arm-none-eabi/lib/thumb/v7-m/nofp\libc_nano.a(libc_a-impure.o)
                0x20000010                _impure_data
 .data.uwTickPrio
                0x2000005c        0x4 CMakeFiles/f103c8.dir/Drivers/STM32F1xx_HAL_Driver/Src/stm32f1xx_hal.c.obj
                0x2000005c                uwTickPrio
 .data.uwTickFreq
                0x20000060        0x1 CMakeFiles/f103c8.dir/Drivers/STM32F1xx_HAL_Driver/Src/stm32f1xx_hal.c.obj
                0x20000060                uwTickFreq
 *fill*         0x20000061        0x3 
 .data.SystemCoreClock
                0x20000064        0x4 CMakeFiles/f103c8.dir/Core/Src/system_stm32f1xx.c.obj
                0x20000064                SystemCoreClock
                0x20000068                        . = ALIGN (0x4)
                0x20000068                        _edata = .

.igot.plt       0x20000068        0x0 load address 0x08005308
 .igot.plt      0x20000068        0x0 D:/ST/STM32CubeCLT_1.17.0/GNU-tools-for-STM32/bin/../lib/gcc/arm-none-eabi/12.3.1/thumb/v7-m/nofp/crtbegin.o
                0x20000068                        . = ALIGN (0x4)

.bss            0x20000068      0x324 load address 0x08005308
                0x20000068                        _sbss = .
                0x20000068                        __bss_start__ = _sbss
 *(.bss)
 .bss           0x20000068       0x1c D:/ST/STM32CubeCLT_1.17.0/GNU-tools-for-STM32/bin/../lib/gcc/arm-none-eabi/12.3.1/thumb/v7-m/nofp/crtbegin.o
 *(.bss*)
 .bss.__sf      0x20000084      0x138 D:/ST/STM32CubeCLT_1.17.0/GNU-tools-for-STM32/bin/../lib/gcc/arm-none-eabi/12.3.1/../../../../arm-none-eabi/lib/thumb/v7-m/nofp\libc_nano.a(libc_a-findfp.o)
                0x20000084                __sf
 .bss.__stdio_exit_handler
                0x200001bc        0x4 D:/ST/STM32CubeCLT_1.17.0/GNU-tools-for-STM32/bin/../lib/gcc/arm-none-eabi/12.3.1/../../../../arm-none-eabi/lib/thumb/v7-m/nofp\libc_nano.a(libc_a-findfp.o)
                0x200001bc                __stdio_exit_handler
 .bss.errno     0x200001c0        0x4 D:/ST/STM32CubeCLT_1.17.0/GNU-tools-for-STM32/bin/../lib/gcc/arm-none-eabi/12.3.1/../../../../arm-none-eabi/lib/thumb/v7-m/nofp\libc_nano.a(libc_a-reent.o)
                0x200001c0                errno
 .bss.__lock___malloc_recursive_mutex
                0x200001c4        0x1 D:/ST/STM32CubeCLT_1.17.0/GNU-tools-for-STM32/bin/../lib/gcc/arm-none-eabi/12.3.1/../../../../arm-none-eabi/lib/thumb/v7-m/nofp\libc_nano.a(libc_a-lock.o)
                0x200001c4                __lock___malloc_recursive_mutex
 .bss.__lock___sfp_recursive_mutex
                0x200001c5        0x1 D:/ST/STM32CubeCLT_1.17.0/GNU-tools-for-STM32/bin/../lib/gcc/arm-none-eabi/12.3.1/../../../../arm-none-eabi/lib/thumb/v7-m/nofp\libc_nano.a(libc_a-lock.o)
                0x200001c5                __lock___sfp_recursive_mutex
 *fill*         0x200001c6        0x2 
 .bss.__malloc_sbrk_start
                0x200001c8        0x4 D:/ST/STM32CubeCLT_1.17.0/GNU-tools-for-STM32/bin/../lib/gcc/arm-none-eabi/12.3.1/../../../../arm-none-eabi/lib/thumb/v7-m/nofp\libc_nano.a(libc_a-mallocr.o)
                0x200001c8                __malloc_sbrk_start
 .bss.__malloc_free_list
                0x200001cc        0x4 D:/ST/STM32CubeCLT_1.17.0/GNU-tools-for-STM32/bin/../lib/gcc/arm-none-eabi/12.3.1/../../../../arm-none-eabi/lib/thumb/v7-m/nofp\libc_nano.a(libc_a-mallocr.o)
                0x200001cc                __malloc_free_list
 .bss.hi2c1     0x200001d0       0x54 CMakeFiles/f103c8.dir/Core/Src/i2c.c.obj
                0x200001d0                hi2c1
 .bss.htim2     0x20000224       0x48 CMakeFiles/f103c8.dir/Core/Src/tim.c.obj
                0x20000224                htim2
 .bss.htim3     0x2000026c       0x48 CMakeFiles/f103c8.dir/Core/Src/tim.c.obj
                0x2000026c                htim3
 .bss.huart1    0x200002b4       0x48 CMakeFiles/f103c8.dir/Core/Src/usart.c.obj
                0x200002b4                huart1
 .bss.hdma_usart1_rx
                0x200002fc       0x44 CMakeFiles/f103c8.dir/Core/Src/usart.c.obj
                0x200002fc                hdma_usart1_rx
 .bss.hdma_usart1_tx
                0x20000340       0x44 CMakeFiles/f103c8.dir/Core/Src/usart.c.obj
                0x20000340                hdma_usart1_tx
 .bss.uwTick    0x20000384        0x4 CMakeFiles/f103c8.dir/Drivers/STM32F1xx_HAL_Driver/Src/stm32f1xx_hal.c.obj
                0x20000384                uwTick
 .bss.__sbrk_heap_end
                0x20000388        0x4 CMakeFiles/f103c8.dir/Core/Src/sysmem.c.obj
 *(COMMON)
                0x2000038c                        . = ALIGN (0x4)
                0x2000038c                        _ebss = .
                0x2000038c                        __bss_end__ = _ebss

._user_heap_stack
                0x2000038c      0x604 load address 0x08005308
                0x20000390                        . = ALIGN (0x8)
 *fill*         0x2000038c        0x4 
                [!provide]                        PROVIDE (end = .)
                0x20000390                        PROVIDE (_end = .)
                0x20000590                        . = (. + _Min_Heap_Size)
 *fill*         0x20000390      0x200 
                0x20000990                        . = (. + _Min_Stack_Size)
 *fill*         0x20000590      0x400 
                0x20000990                        . = ALIGN (0x8)

/DISCARD/
 libc.a(*)
 libm.a(*)
 libgcc.a(*)
OUTPUT(f103c8.elf elf32-littlearm)
LOAD linker stubs
LOAD D:/ST/STM32CubeCLT_1.17.0/GNU-tools-for-STM32/bin/../lib/gcc/arm-none-eabi/12.3.1/../../../../arm-none-eabi/lib/thumb/v7-m/nofp\libc.a
LOAD D:/ST/STM32CubeCLT_1.17.0/GNU-tools-for-STM32/bin/../lib/gcc/arm-none-eabi/12.3.1/../../../../arm-none-eabi/lib/thumb/v7-m/nofp\libm.a
LOAD D:/ST/STM32CubeCLT_1.17.0/GNU-tools-for-STM32/bin/../lib/gcc/arm-none-eabi/12.3.1/thumb/v7-m/nofp\libgcc.a

.ARM.attributes
                0x00000000       0x29
 .ARM.attributes
                0x00000000       0x1d D:/ST/STM32CubeCLT_1.17.0/GNU-tools-for-STM32/bin/../lib/gcc/arm-none-eabi/12.3.1/thumb/v7-m/nofp/crti.o
 .ARM.attributes
                0x0000001d       0x2d D:/ST/STM32CubeCLT_1.17.0/GNU-tools-for-STM32/bin/../lib/gcc/arm-none-eabi/12.3.1/thumb/v7-m/nofp/crtbegin.o
 .ARM.attributes
                0x0000004a       0x2d D:/ST/STM32CubeCLT_1.17.0/GNU-tools-for-STM32/bin/../lib/gcc/arm-none-eabi/12.3.1/../../../../arm-none-eabi/lib/thumb/v7-m/nofp\libc_nano.a(libc_a-findfp.o)
 .ARM.attributes
                0x00000077       0x2d D:/ST/STM32CubeCLT_1.17.0/GNU-tools-for-STM32/bin/../lib/gcc/arm-none-eabi/12.3.1/../../../../arm-none-eabi/lib/thumb/v7-m/nofp\libc_nano.a(libc_a-fwalk.o)
 .ARM.attributes
                0x000000a4       0x2d D:/ST/STM32CubeCLT_1.17.0/GNU-tools-for-STM32/bin/../lib/gcc/arm-none-eabi/12.3.1/../../../../arm-none-eabi/lib/thumb/v7-m/nofp\libc_nano.a(libc_a-stdio.o)
 .ARM.attributes
                0x000000d1       0x2d D:/ST/STM32CubeCLT_1.17.0/GNU-tools-for-STM32/bin/../lib/gcc/arm-none-eabi/12.3.1/../../../../arm-none-eabi/lib/thumb/v7-m/nofp\libc_nano.a(libc_a-memset.o)
 .ARM.attributes
                0x000000fe       0x2d D:/ST/STM32CubeCLT_1.17.0/GNU-tools-for-STM32/bin/../lib/gcc/arm-none-eabi/12.3.1/../../../../arm-none-eabi/lib/thumb/v7-m/nofp\libc_nano.a(libc_a-closer.o)
 .ARM.attributes
                0x0000012b       0x2d D:/ST/STM32CubeCLT_1.17.0/GNU-tools-for-STM32/bin/../lib/gcc/arm-none-eabi/12.3.1/../../../../arm-none-eabi/lib/thumb/v7-m/nofp\libc_nano.a(libc_a-reent.o)
 .ARM.attributes
                0x00000158       0x2d D:/ST/STM32CubeCLT_1.17.0/GNU-tools-for-STM32/bin/../lib/gcc/arm-none-eabi/12.3.1/../../../../arm-none-eabi/lib/thumb/v7-m/nofp\libc_nano.a(libc_a-impure.o)
 .ARM.attributes
                0x00000185       0x2d D:/ST/STM32CubeCLT_1.17.0/GNU-tools-for-STM32/bin/../lib/gcc/arm-none-eabi/12.3.1/../../../../arm-none-eabi/lib/thumb/v7-m/nofp\libc_nano.a(libc_a-lseekr.o)
 .ARM.attributes
                0x000001b2       0x2d D:/ST/STM32CubeCLT_1.17.0/GNU-tools-for-STM32/bin/../lib/gcc/arm-none-eabi/12.3.1/../../../../arm-none-eabi/lib/thumb/v7-m/nofp\libc_nano.a(libc_a-readr.o)
 .ARM.attributes
                0x000001df       0x2d D:/ST/STM32CubeCLT_1.17.0/GNU-tools-for-STM32/bin/../lib/gcc/arm-none-eabi/12.3.1/../../../../arm-none-eabi/lib/thumb/v7-m/nofp\libc_nano.a(libc_a-writer.o)
 .ARM.attributes
                0x0000020c       0x2d D:/ST/STM32CubeCLT_1.17.0/GNU-tools-for-STM32/bin/../lib/gcc/arm-none-eabi/12.3.1/../../../../arm-none-eabi/lib/thumb/v7-m/nofp\libc_nano.a(libc_a-init.o)
 .ARM.attributes
                0x00000239       0x2d D:/ST/STM32CubeCLT_1.17.0/GNU-tools-for-STM32/bin/../lib/gcc/arm-none-eabi/12.3.1/../../../../arm-none-eabi/lib/thumb/v7-m/nofp\libc_nano.a(libc_a-lock.o)
 .ARM.attributes
                0x00000266       0x2d D:/ST/STM32CubeCLT_1.17.0/GNU-tools-for-STM32/bin/../lib/gcc/arm-none-eabi/12.3.1/../../../../arm-none-eabi/lib/thumb/v7-m/nofp\libc_nano.a(libc_a-freer.o)
 .ARM.attributes
                0x00000293       0x2d D:/ST/STM32CubeCLT_1.17.0/GNU-tools-for-STM32/bin/../lib/gcc/arm-none-eabi/12.3.1/../../../../arm-none-eabi/lib/thumb/v7-m/nofp\libc_nano.a(libc_a-mallocr.o)
 .ARM.attributes
                0x000002c0       0x2d D:/ST/STM32CubeCLT_1.17.0/GNU-tools-for-STM32/bin/../lib/gcc/arm-none-eabi/12.3.1/../../../../arm-none-eabi/lib/thumb/v7-m/nofp\libc_nano.a(libc_a-mlock.o)
 .ARM.attributes
                0x000002ed       0x2d D:/ST/STM32CubeCLT_1.17.0/GNU-tools-for-STM32/bin/../lib/gcc/arm-none-eabi/12.3.1/../../../../arm-none-eabi/lib/thumb/v7-m/nofp\libc_nano.a(libc_a-fflush.o)
 .ARM.attributes
                0x0000031a       0x2d D:/ST/STM32CubeCLT_1.17.0/GNU-tools-for-STM32/bin/../lib/gcc/arm-none-eabi/12.3.1/../../../../arm-none-eabi/lib/thumb/v7-m/nofp\libc_nano.a(libc_a-sbrkr.o)
 .ARM.attributes
                0x00000347       0x2d CMakeFiles/f103c8.dir/Core/Src/main.c.obj
 .ARM.attributes
                0x00000374       0x2d CMakeFiles/f103c8.dir/Core/Src/gpio.c.obj
 .ARM.attributes
                0x000003a1       0x2d CMakeFiles/f103c8.dir/Core/Src/dma.c.obj
 .ARM.attributes
                0x000003ce       0x2d CMakeFiles/f103c8.dir/Core/Src/i2c.c.obj
 .ARM.attributes
                0x000003fb       0x2d CMakeFiles/f103c8.dir/Core/Src/tim.c.obj
 .ARM.attributes
                0x00000428       0x2d CMakeFiles/f103c8.dir/Core/Src/usart.c.obj
 .ARM.attributes
                0x00000455       0x2d CMakeFiles/f103c8.dir/Core/Src/stm32f1xx_it.c.obj
 .ARM.attributes
                0x00000482       0x2d CMakeFiles/f103c8.dir/Core/Src/stm32f1xx_hal_msp.c.obj
 .ARM.attributes
                0x000004af       0x2d CMakeFiles/f103c8.dir/Drivers/STM32F1xx_HAL_Driver/Src/stm32f1xx_hal_i2c.c.obj
 .ARM.attributes
                0x000004dc       0x2d CMakeFiles/f103c8.dir/Drivers/STM32F1xx_HAL_Driver/Src/stm32f1xx_hal.c.obj
 .ARM.attributes
                0x00000509       0x2d CMakeFiles/f103c8.dir/Drivers/STM32F1xx_HAL_Driver/Src/stm32f1xx_hal_rcc.c.obj
 .ARM.attributes
                0x00000536       0x2d CMakeFiles/f103c8.dir/Drivers/STM32F1xx_HAL_Driver/Src/stm32f1xx_hal_gpio.c.obj
 .ARM.attributes
                0x00000563       0x2d CMakeFiles/f103c8.dir/Drivers/STM32F1xx_HAL_Driver/Src/stm32f1xx_hal_dma.c.obj
 .ARM.attributes
                0x00000590       0x2d CMakeFiles/f103c8.dir/Drivers/STM32F1xx_HAL_Driver/Src/stm32f1xx_hal_cortex.c.obj
 .ARM.attributes
                0x000005bd       0x2d CMakeFiles/f103c8.dir/Drivers/STM32F1xx_HAL_Driver/Src/stm32f1xx_hal_tim.c.obj
 .ARM.attributes
                0x000005ea       0x2d CMakeFiles/f103c8.dir/Drivers/STM32F1xx_HAL_Driver/Src/stm32f1xx_hal_tim_ex.c.obj
 .ARM.attributes
                0x00000617       0x2d CMakeFiles/f103c8.dir/Drivers/STM32F1xx_HAL_Driver/Src/stm32f1xx_hal_uart.c.obj
 .ARM.attributes
                0x00000644       0x2d CMakeFiles/f103c8.dir/Core/Src/system_stm32f1xx.c.obj
 .ARM.attributes
                0x00000671       0x2d CMakeFiles/f103c8.dir/Core/Src/sysmem.c.obj
 .ARM.attributes
                0x0000069e       0x2d CMakeFiles/f103c8.dir/Core/Src/syscalls.c.obj
 .ARM.attributes
                0x000006cb       0x21 CMakeFiles/f103c8.dir/startup_stm32f103xb.s.obj
 .ARM.attributes
                0x000006ec       0x1d D:/ST/STM32CubeCLT_1.17.0/GNU-tools-for-STM32/bin/../lib/gcc/arm-none-eabi/12.3.1/thumb/v7-m/nofp\libgcc.a(_arm_addsubdf3.o)
 .ARM.attributes
                0x00000709       0x1d D:/ST/STM32CubeCLT_1.17.0/GNU-tools-for-STM32/bin/../lib/gcc/arm-none-eabi/12.3.1/thumb/v7-m/nofp\libgcc.a(_arm_addsubsf3.o)
 .ARM.attributes
                0x00000726       0x1d D:/ST/STM32CubeCLT_1.17.0/GNU-tools-for-STM32/bin/../lib/gcc/arm-none-eabi/12.3.1/thumb/v7-m/nofp\libgcc.a(_arm_muldivsf3.o)
 .ARM.attributes
                0x00000743       0x2d D:/ST/STM32CubeCLT_1.17.0/GNU-tools-for-STM32/bin/../lib/gcc/arm-none-eabi/12.3.1/../../../../arm-none-eabi/lib/thumb/v7-m/nofp\libg_nano.a(libc_a-printf.o)
 .ARM.attributes
                0x00000770       0x2d D:/ST/STM32CubeCLT_1.17.0/GNU-tools-for-STM32/bin/../lib/gcc/arm-none-eabi/12.3.1/../../../../arm-none-eabi/lib/thumb/v7-m/nofp\libg_nano.a(libc_a-puts.o)
 .ARM.attributes
                0x0000079d       0x2d D:/ST/STM32CubeCLT_1.17.0/GNU-tools-for-STM32/bin/../lib/gcc/arm-none-eabi/12.3.1/../../../../arm-none-eabi/lib/thumb/v7-m/nofp\libg_nano.a(libc_a-wbuf.o)
 .ARM.attributes
                0x000007ca       0x2d D:/ST/STM32CubeCLT_1.17.0/GNU-tools-for-STM32/bin/../lib/gcc/arm-none-eabi/12.3.1/../../../../arm-none-eabi/lib/thumb/v7-m/nofp\libg_nano.a(libc_a-wsetup.o)
 .ARM.attributes
                0x000007f7       0x2d D:/ST/STM32CubeCLT_1.17.0/GNU-tools-for-STM32/bin/../lib/gcc/arm-none-eabi/12.3.1/../../../../arm-none-eabi/lib/thumb/v7-m/nofp\libg_nano.a(libc_a-errno.o)
 .ARM.attributes
                0x00000824       0x2d D:/ST/STM32CubeCLT_1.17.0/GNU-tools-for-STM32/bin/../lib/gcc/arm-none-eabi/12.3.1/../../../../arm-none-eabi/lib/thumb/v7-m/nofp\libg_nano.a(libc_a-nano-vfprintf.o)
 .ARM.attributes
                0x00000851       0x2d D:/ST/STM32CubeCLT_1.17.0/GNU-tools-for-STM32/bin/../lib/gcc/arm-none-eabi/12.3.1/../../../../arm-none-eabi/lib/thumb/v7-m/nofp\libg_nano.a(libc_a-nano-vfprintf_i.o)
 .ARM.attributes
                0x0000087e       0x2d D:/ST/STM32CubeCLT_1.17.0/GNU-tools-for-STM32/bin/../lib/gcc/arm-none-eabi/12.3.1/../../../../arm-none-eabi/lib/thumb/v7-m/nofp\libg_nano.a(libc_a-makebuf.o)
 .ARM.attributes
                0x000008ab       0x2d D:/ST/STM32CubeCLT_1.17.0/GNU-tools-for-STM32/bin/../lib/gcc/arm-none-eabi/12.3.1/../../../../arm-none-eabi/lib/thumb/v7-m/nofp\libg_nano.a(libc_a-fstatr.o)
 .ARM.attributes
                0x000008d8       0x2d D:/ST/STM32CubeCLT_1.17.0/GNU-tools-for-STM32/bin/../lib/gcc/arm-none-eabi/12.3.1/../../../../arm-none-eabi/lib/thumb/v7-m/nofp\libg_nano.a(libc_a-isattyr.o)
 .ARM.attributes
                0x00000905       0x2d D:/ST/STM32CubeCLT_1.17.0/GNU-tools-for-STM32/bin/../lib/gcc/arm-none-eabi/12.3.1/../../../../arm-none-eabi/lib/thumb/v7-m/nofp\libg_nano.a(libc_a-memchr-stub.o)
 .ARM.attributes
                0x00000932       0x1d D:/ST/STM32CubeCLT_1.17.0/GNU-tools-for-STM32/bin/../lib/gcc/arm-none-eabi/12.3.1/thumb/v7-m/nofp/crtn.o

.comment        0x00000000       0x43
 .comment       0x00000000       0x43 CMakeFiles/f103c8.dir/Core/Src/main.c.obj
                                 0x44 (size before relaxing)
 .comment       0x00000043       0x44 CMakeFiles/f103c8.dir/Core/Src/gpio.c.obj
 .comment       0x00000043       0x44 CMakeFiles/f103c8.dir/Core/Src/dma.c.obj
 .comment       0x00000043       0x44 CMakeFiles/f103c8.dir/Core/Src/i2c.c.obj
 .comment       0x00000043       0x44 CMakeFiles/f103c8.dir/Core/Src/tim.c.obj
 .comment       0x00000043       0x44 CMakeFiles/f103c8.dir/Core/Src/usart.c.obj
 .comment       0x00000043       0x44 CMakeFiles/f103c8.dir/Core/Src/stm32f1xx_it.c.obj
 .comment       0x00000043       0x44 CMakeFiles/f103c8.dir/Core/Src/stm32f1xx_hal_msp.c.obj
 .comment       0x00000043       0x44 CMakeFiles/f103c8.dir/Drivers/STM32F1xx_HAL_Driver/Src/stm32f1xx_hal_i2c.c.obj
 .comment       0x00000043       0x44 CMakeFiles/f103c8.dir/Drivers/STM32F1xx_HAL_Driver/Src/stm32f1xx_hal.c.obj
 .comment       0x00000043       0x44 CMakeFiles/f103c8.dir/Drivers/STM32F1xx_HAL_Driver/Src/stm32f1xx_hal_rcc.c.obj
 .comment       0x00000043       0x44 CMakeFiles/f103c8.dir/Drivers/STM32F1xx_HAL_Driver/Src/stm32f1xx_hal_gpio.c.obj
 .comment       0x00000043       0x44 CMakeFiles/f103c8.dir/Drivers/STM32F1xx_HAL_Driver/Src/stm32f1xx_hal_dma.c.obj
 .comment       0x00000043       0x44 CMakeFiles/f103c8.dir/Drivers/STM32F1xx_HAL_Driver/Src/stm32f1xx_hal_cortex.c.obj
 .comment       0x00000043       0x44 CMakeFiles/f103c8.dir/Drivers/STM32F1xx_HAL_Driver/Src/stm32f1xx_hal_tim.c.obj
 .comment       0x00000043       0x44 CMakeFiles/f103c8.dir/Drivers/STM32F1xx_HAL_Driver/Src/stm32f1xx_hal_tim_ex.c.obj
 .comment       0x00000043       0x44 CMakeFiles/f103c8.dir/Drivers/STM32F1xx_HAL_Driver/Src/stm32f1xx_hal_uart.c.obj
 .comment       0x00000043       0x44 CMakeFiles/f103c8.dir/Core/Src/system_stm32f1xx.c.obj
 .comment       0x00000043       0x44 CMakeFiles/f103c8.dir/Core/Src/sysmem.c.obj
 .comment       0x00000043       0x44 CMakeFiles/f103c8.dir/Core/Src/syscalls.c.obj
 .comment       0x00000043       0x44 D:/ST/STM32CubeCLT_1.17.0/GNU-tools-for-STM32/bin/../lib/gcc/arm-none-eabi/12.3.1/../../../../arm-none-eabi/lib/thumb/v7-m/nofp\libg_nano.a(libc_a-printf.o)
 .comment       0x00000043       0x44 D:/ST/STM32CubeCLT_1.17.0/GNU-tools-for-STM32/bin/../lib/gcc/arm-none-eabi/12.3.1/../../../../arm-none-eabi/lib/thumb/v7-m/nofp\libg_nano.a(libc_a-puts.o)
 .comment       0x00000043       0x44 D:/ST/STM32CubeCLT_1.17.0/GNU-tools-for-STM32/bin/../lib/gcc/arm-none-eabi/12.3.1/../../../../arm-none-eabi/lib/thumb/v7-m/nofp\libg_nano.a(libc_a-wbuf.o)
 .comment       0x00000043       0x44 D:/ST/STM32CubeCLT_1.17.0/GNU-tools-for-STM32/bin/../lib/gcc/arm-none-eabi/12.3.1/../../../../arm-none-eabi/lib/thumb/v7-m/nofp\libg_nano.a(libc_a-wsetup.o)
 .comment       0x00000043       0x44 D:/ST/STM32CubeCLT_1.17.0/GNU-tools-for-STM32/bin/../lib/gcc/arm-none-eabi/12.3.1/../../../../arm-none-eabi/lib/thumb/v7-m/nofp\libg_nano.a(libc_a-errno.o)
 .comment       0x00000043       0x44 D:/ST/STM32CubeCLT_1.17.0/GNU-tools-for-STM32/bin/../lib/gcc/arm-none-eabi/12.3.1/../../../../arm-none-eabi/lib/thumb/v7-m/nofp\libg_nano.a(libc_a-nano-vfprintf.o)
 .comment       0x00000043       0x44 D:/ST/STM32CubeCLT_1.17.0/GNU-tools-for-STM32/bin/../lib/gcc/arm-none-eabi/12.3.1/../../../../arm-none-eabi/lib/thumb/v7-m/nofp\libg_nano.a(libc_a-nano-vfprintf_i.o)
 .comment       0x00000043       0x44 D:/ST/STM32CubeCLT_1.17.0/GNU-tools-for-STM32/bin/../lib/gcc/arm-none-eabi/12.3.1/../../../../arm-none-eabi/lib/thumb/v7-m/nofp\libg_nano.a(libc_a-makebuf.o)
 .comment       0x00000043       0x44 D:/ST/STM32CubeCLT_1.17.0/GNU-tools-for-STM32/bin/../lib/gcc/arm-none-eabi/12.3.1/../../../../arm-none-eabi/lib/thumb/v7-m/nofp\libg_nano.a(libc_a-fstatr.o)
 .comment       0x00000043       0x44 D:/ST/STM32CubeCLT_1.17.0/GNU-tools-for-STM32/bin/../lib/gcc/arm-none-eabi/12.3.1/../../../../arm-none-eabi/lib/thumb/v7-m/nofp\libg_nano.a(libc_a-isattyr.o)
 .comment       0x00000043       0x44 D:/ST/STM32CubeCLT_1.17.0/GNU-tools-for-STM32/bin/../lib/gcc/arm-none-eabi/12.3.1/../../../../arm-none-eabi/lib/thumb/v7-m/nofp\libg_nano.a(libc_a-memchr-stub.o)

.debug_frame    0x00000000     0x4b68
 .debug_frame   0x00000000      0x144 D:/ST/STM32CubeCLT_1.17.0/GNU-tools-for-STM32/bin/../lib/gcc/arm-none-eabi/12.3.1/../../../../arm-none-eabi/lib/thumb/v7-m/nofp\libc_nano.a(libc_a-findfp.o)
 .debug_frame   0x00000144       0x34 D:/ST/STM32CubeCLT_1.17.0/GNU-tools-for-STM32/bin/../lib/gcc/arm-none-eabi/12.3.1/../../../../arm-none-eabi/lib/thumb/v7-m/nofp\libc_nano.a(libc_a-fwalk.o)
 .debug_frame   0x00000178       0x88 D:/ST/STM32CubeCLT_1.17.0/GNU-tools-for-STM32/bin/../lib/gcc/arm-none-eabi/12.3.1/../../../../arm-none-eabi/lib/thumb/v7-m/nofp\libc_nano.a(libc_a-stdio.o)
 .debug_frame   0x00000200       0x20 D:/ST/STM32CubeCLT_1.17.0/GNU-tools-for-STM32/bin/../lib/gcc/arm-none-eabi/12.3.1/../../../../arm-none-eabi/lib/thumb/v7-m/nofp\libc_nano.a(libc_a-memset.o)
 .debug_frame   0x00000220       0x2c D:/ST/STM32CubeCLT_1.17.0/GNU-tools-for-STM32/bin/../lib/gcc/arm-none-eabi/12.3.1/../../../../arm-none-eabi/lib/thumb/v7-m/nofp\libc_nano.a(libc_a-closer.o)
 .debug_frame   0x0000024c       0x38 D:/ST/STM32CubeCLT_1.17.0/GNU-tools-for-STM32/bin/../lib/gcc/arm-none-eabi/12.3.1/../../../../arm-none-eabi/lib/thumb/v7-m/nofp\libc_nano.a(libc_a-reent.o)
 .debug_frame   0x00000284       0x2c D:/ST/STM32CubeCLT_1.17.0/GNU-tools-for-STM32/bin/../lib/gcc/arm-none-eabi/12.3.1/../../../../arm-none-eabi/lib/thumb/v7-m/nofp\libc_nano.a(libc_a-lseekr.o)
 .debug_frame   0x000002b0       0x2c D:/ST/STM32CubeCLT_1.17.0/GNU-tools-for-STM32/bin/../lib/gcc/arm-none-eabi/12.3.1/../../../../arm-none-eabi/lib/thumb/v7-m/nofp\libc_nano.a(libc_a-readr.o)
 .debug_frame   0x000002dc       0x2c D:/ST/STM32CubeCLT_1.17.0/GNU-tools-for-STM32/bin/../lib/gcc/arm-none-eabi/12.3.1/../../../../arm-none-eabi/lib/thumb/v7-m/nofp\libc_nano.a(libc_a-writer.o)
 .debug_frame   0x00000308       0x2c D:/ST/STM32CubeCLT_1.17.0/GNU-tools-for-STM32/bin/../lib/gcc/arm-none-eabi/12.3.1/../../../../arm-none-eabi/lib/thumb/v7-m/nofp\libc_nano.a(libc_a-init.o)
 .debug_frame   0x00000334       0xb0 D:/ST/STM32CubeCLT_1.17.0/GNU-tools-for-STM32/bin/../lib/gcc/arm-none-eabi/12.3.1/../../../../arm-none-eabi/lib/thumb/v7-m/nofp\libc_nano.a(libc_a-lock.o)
 .debug_frame   0x000003e4       0x38 D:/ST/STM32CubeCLT_1.17.0/GNU-tools-for-STM32/bin/../lib/gcc/arm-none-eabi/12.3.1/../../../../arm-none-eabi/lib/thumb/v7-m/nofp\libc_nano.a(libc_a-freer.o)
 .debug_frame   0x0000041c       0x50 D:/ST/STM32CubeCLT_1.17.0/GNU-tools-for-STM32/bin/../lib/gcc/arm-none-eabi/12.3.1/../../../../arm-none-eabi/lib/thumb/v7-m/nofp\libc_nano.a(libc_a-mallocr.o)
 .debug_frame   0x0000046c       0x30 D:/ST/STM32CubeCLT_1.17.0/GNU-tools-for-STM32/bin/../lib/gcc/arm-none-eabi/12.3.1/../../../../arm-none-eabi/lib/thumb/v7-m/nofp\libc_nano.a(libc_a-mlock.o)
 .debug_frame   0x0000049c       0x5c D:/ST/STM32CubeCLT_1.17.0/GNU-tools-for-STM32/bin/../lib/gcc/arm-none-eabi/12.3.1/../../../../arm-none-eabi/lib/thumb/v7-m/nofp\libc_nano.a(libc_a-fflush.o)
 .debug_frame   0x000004f8       0x2c D:/ST/STM32CubeCLT_1.17.0/GNU-tools-for-STM32/bin/../lib/gcc/arm-none-eabi/12.3.1/../../../../arm-none-eabi/lib/thumb/v7-m/nofp\libc_nano.a(libc_a-sbrkr.o)
 .debug_frame   0x00000524       0x6c CMakeFiles/f103c8.dir/Core/Src/main.c.obj
 .debug_frame   0x00000590       0x34 CMakeFiles/f103c8.dir/Core/Src/gpio.c.obj
 .debug_frame   0x000005c4       0x34 CMakeFiles/f103c8.dir/Core/Src/dma.c.obj
 .debug_frame   0x000005f8       0x74 CMakeFiles/f103c8.dir/Core/Src/i2c.c.obj
 .debug_frame   0x0000066c       0xc4 CMakeFiles/f103c8.dir/Core/Src/tim.c.obj
 .debug_frame   0x00000730       0x74 CMakeFiles/f103c8.dir/Core/Src/usart.c.obj
 .debug_frame   0x000007a4      0x190 CMakeFiles/f103c8.dir/Core/Src/stm32f1xx_it.c.obj
 .debug_frame   0x00000934       0x38 CMakeFiles/f103c8.dir/Core/Src/stm32f1xx_hal_msp.c.obj
 .debug_frame   0x0000096c      0xc84 CMakeFiles/f103c8.dir/Drivers/STM32F1xx_HAL_Driver/Src/stm32f1xx_hal_i2c.c.obj
 .debug_frame   0x000015f0      0x334 CMakeFiles/f103c8.dir/Drivers/STM32F1xx_HAL_Driver/Src/stm32f1xx_hal.c.obj
 .debug_frame   0x00001924      0x218 CMakeFiles/f103c8.dir/Drivers/STM32F1xx_HAL_Driver/Src/stm32f1xx_hal_rcc.c.obj
 .debug_frame   0x00001b3c      0x14c CMakeFiles/f103c8.dir/Drivers/STM32F1xx_HAL_Driver/Src/stm32f1xx_hal_gpio.c.obj
 .debug_frame   0x00001c88      0x208 CMakeFiles/f103c8.dir/Drivers/STM32F1xx_HAL_Driver/Src/stm32f1xx_hal_dma.c.obj
 .debug_frame   0x00001e90      0x428 CMakeFiles/f103c8.dir/Drivers/STM32F1xx_HAL_Driver/Src/stm32f1xx_hal_cortex.c.obj
 .debug_frame   0x000022b8     0x11b8 CMakeFiles/f103c8.dir/Drivers/STM32F1xx_HAL_Driver/Src/stm32f1xx_hal_tim.c.obj
 .debug_frame   0x00003470      0x638 CMakeFiles/f103c8.dir/Drivers/STM32F1xx_HAL_Driver/Src/stm32f1xx_hal_tim_ex.c.obj
 .debug_frame   0x00003aa8      0x944 CMakeFiles/f103c8.dir/Drivers/STM32F1xx_HAL_Driver/Src/stm32f1xx_hal_uart.c.obj
 .debug_frame   0x000043ec       0x58 CMakeFiles/f103c8.dir/Core/Src/system_stm32f1xx.c.obj
 .debug_frame   0x00004444       0x34 CMakeFiles/f103c8.dir/Core/Src/sysmem.c.obj
 .debug_frame   0x00004478      0x2ac CMakeFiles/f103c8.dir/Core/Src/syscalls.c.obj
 .debug_frame   0x00004724       0xac D:/ST/STM32CubeCLT_1.17.0/GNU-tools-for-STM32/bin/../lib/gcc/arm-none-eabi/12.3.1/thumb/v7-m/nofp\libgcc.a(_arm_addsubdf3.o)
 .debug_frame   0x000047d0       0x4c D:/ST/STM32CubeCLT_1.17.0/GNU-tools-for-STM32/bin/../lib/gcc/arm-none-eabi/12.3.1/thumb/v7-m/nofp\libgcc.a(_arm_addsubsf3.o)
 .debug_frame   0x0000481c       0x38 D:/ST/STM32CubeCLT_1.17.0/GNU-tools-for-STM32/bin/../lib/gcc/arm-none-eabi/12.3.1/thumb/v7-m/nofp\libgcc.a(_arm_muldivsf3.o)
 .debug_frame   0x00004854       0x6c D:/ST/STM32CubeCLT_1.17.0/GNU-tools-for-STM32/bin/../lib/gcc/arm-none-eabi/12.3.1/../../../../arm-none-eabi/lib/thumb/v7-m/nofp\libg_nano.a(libc_a-printf.o)
 .debug_frame   0x000048c0       0x3c D:/ST/STM32CubeCLT_1.17.0/GNU-tools-for-STM32/bin/../lib/gcc/arm-none-eabi/12.3.1/../../../../arm-none-eabi/lib/thumb/v7-m/nofp\libg_nano.a(libc_a-puts.o)
 .debug_frame   0x000048fc       0x40 D:/ST/STM32CubeCLT_1.17.0/GNU-tools-for-STM32/bin/../lib/gcc/arm-none-eabi/12.3.1/../../../../arm-none-eabi/lib/thumb/v7-m/nofp\libg_nano.a(libc_a-wbuf.o)
 .debug_frame   0x0000493c       0x2c D:/ST/STM32CubeCLT_1.17.0/GNU-tools-for-STM32/bin/../lib/gcc/arm-none-eabi/12.3.1/../../../../arm-none-eabi/lib/thumb/v7-m/nofp\libg_nano.a(libc_a-wsetup.o)
 .debug_frame   0x00004968       0x20 D:/ST/STM32CubeCLT_1.17.0/GNU-tools-for-STM32/bin/../lib/gcc/arm-none-eabi/12.3.1/../../../../arm-none-eabi/lib/thumb/v7-m/nofp\libg_nano.a(libc_a-errno.o)
 .debug_frame   0x00004988       0xa8 D:/ST/STM32CubeCLT_1.17.0/GNU-tools-for-STM32/bin/../lib/gcc/arm-none-eabi/12.3.1/../../../../arm-none-eabi/lib/thumb/v7-m/nofp\libg_nano.a(libc_a-nano-vfprintf.o)
 .debug_frame   0x00004a30       0x60 D:/ST/STM32CubeCLT_1.17.0/GNU-tools-for-STM32/bin/../lib/gcc/arm-none-eabi/12.3.1/../../../../arm-none-eabi/lib/thumb/v7-m/nofp\libg_nano.a(libc_a-nano-vfprintf_i.o)
 .debug_frame   0x00004a90       0x58 D:/ST/STM32CubeCLT_1.17.0/GNU-tools-for-STM32/bin/../lib/gcc/arm-none-eabi/12.3.1/../../../../arm-none-eabi/lib/thumb/v7-m/nofp\libg_nano.a(libc_a-makebuf.o)
 .debug_frame   0x00004ae8       0x2c D:/ST/STM32CubeCLT_1.17.0/GNU-tools-for-STM32/bin/../lib/gcc/arm-none-eabi/12.3.1/../../../../arm-none-eabi/lib/thumb/v7-m/nofp\libg_nano.a(libc_a-fstatr.o)
 .debug_frame   0x00004b14       0x2c D:/ST/STM32CubeCLT_1.17.0/GNU-tools-for-STM32/bin/../lib/gcc/arm-none-eabi/12.3.1/../../../../arm-none-eabi/lib/thumb/v7-m/nofp\libg_nano.a(libc_a-isattyr.o)
 .debug_frame   0x00004b40       0x28 D:/ST/STM32CubeCLT_1.17.0/GNU-tools-for-STM32/bin/../lib/gcc/arm-none-eabi/12.3.1/../../../../arm-none-eabi/lib/thumb/v7-m/nofp\libg_nano.a(libc_a-memchr-stub.o)

.debug_info     0x00000000    0x15e4c
 .debug_info    0x00000000      0x96a CMakeFiles/f103c8.dir/Core/Src/main.c.obj
 .debug_info    0x0000096a      0x2d3 CMakeFiles/f103c8.dir/Core/Src/gpio.c.obj
 .debug_info    0x00000c3d      0x2cf CMakeFiles/f103c8.dir/Core/Src/dma.c.obj
 .debug_info    0x00000f0c      0x7e3 CMakeFiles/f103c8.dir/Core/Src/i2c.c.obj
 .debug_info    0x000016ef      0xc10 CMakeFiles/f103c8.dir/Core/Src/tim.c.obj
 .debug_info    0x000022ff      0x975 CMakeFiles/f103c8.dir/Core/Src/usart.c.obj
 .debug_info    0x00002c74      0x9b2 CMakeFiles/f103c8.dir/Core/Src/stm32f1xx_it.c.obj
 .debug_info    0x00003626      0x1f1 CMakeFiles/f103c8.dir/Core/Src/stm32f1xx_hal_msp.c.obj
 .debug_info    0x00003817     0x2524 CMakeFiles/f103c8.dir/Drivers/STM32F1xx_HAL_Driver/Src/stm32f1xx_hal_i2c.c.obj
 .debug_info    0x00005d3b      0x704 CMakeFiles/f103c8.dir/Drivers/STM32F1xx_HAL_Driver/Src/stm32f1xx_hal.c.obj
 .debug_info    0x0000643f      0x7d5 CMakeFiles/f103c8.dir/Drivers/STM32F1xx_HAL_Driver/Src/stm32f1xx_hal_rcc.c.obj
 .debug_info    0x00006c14      0x5ab CMakeFiles/f103c8.dir/Drivers/STM32F1xx_HAL_Driver/Src/stm32f1xx_hal_gpio.c.obj
 .debug_info    0x000071bf      0x6d2 CMakeFiles/f103c8.dir/Drivers/STM32F1xx_HAL_Driver/Src/stm32f1xx_hal_dma.c.obj
 .debug_info    0x00007891      0xa87 CMakeFiles/f103c8.dir/Drivers/STM32F1xx_HAL_Driver/Src/stm32f1xx_hal_cortex.c.obj
 .debug_info    0x00008318     0x2959 CMakeFiles/f103c8.dir/Drivers/STM32F1xx_HAL_Driver/Src/stm32f1xx_hal_tim.c.obj
 .debug_info    0x0000ac71     0x149b CMakeFiles/f103c8.dir/Drivers/STM32F1xx_HAL_Driver/Src/stm32f1xx_hal_tim_ex.c.obj
 .debug_info    0x0000c10c     0x2eed CMakeFiles/f103c8.dir/Drivers/STM32F1xx_HAL_Driver/Src/stm32f1xx_hal_uart.c.obj
 .debug_info    0x0000eff9      0x222 CMakeFiles/f103c8.dir/Core/Src/system_stm32f1xx.c.obj
 .debug_info    0x0000f21b      0x168 CMakeFiles/f103c8.dir/Core/Src/sysmem.c.obj
 .debug_info    0x0000f383      0x6a3 CMakeFiles/f103c8.dir/Core/Src/syscalls.c.obj
 .debug_info    0x0000fa26       0x30 CMakeFiles/f103c8.dir/startup_stm32f103xb.s.obj
 .debug_info    0x0000fa56      0x83b D:/ST/STM32CubeCLT_1.17.0/GNU-tools-for-STM32/bin/../lib/gcc/arm-none-eabi/12.3.1/../../../../arm-none-eabi/lib/thumb/v7-m/nofp\libg_nano.a(libc_a-printf.o)
 .debug_info    0x00010291      0x94a D:/ST/STM32CubeCLT_1.17.0/GNU-tools-for-STM32/bin/../lib/gcc/arm-none-eabi/12.3.1/../../../../arm-none-eabi/lib/thumb/v7-m/nofp\libg_nano.a(libc_a-puts.o)
 .debug_info    0x00010bdb      0x868 D:/ST/STM32CubeCLT_1.17.0/GNU-tools-for-STM32/bin/../lib/gcc/arm-none-eabi/12.3.1/../../../../arm-none-eabi/lib/thumb/v7-m/nofp\libg_nano.a(libc_a-wbuf.o)
 .debug_info    0x00011443      0x7bb D:/ST/STM32CubeCLT_1.17.0/GNU-tools-for-STM32/bin/../lib/gcc/arm-none-eabi/12.3.1/../../../../arm-none-eabi/lib/thumb/v7-m/nofp\libg_nano.a(libc_a-wsetup.o)
 .debug_info    0x00011bfe      0x6fb D:/ST/STM32CubeCLT_1.17.0/GNU-tools-for-STM32/bin/../lib/gcc/arm-none-eabi/12.3.1/../../../../arm-none-eabi/lib/thumb/v7-m/nofp\libg_nano.a(libc_a-errno.o)
 .debug_info    0x000122f9     0x107c D:/ST/STM32CubeCLT_1.17.0/GNU-tools-for-STM32/bin/../lib/gcc/arm-none-eabi/12.3.1/../../../../arm-none-eabi/lib/thumb/v7-m/nofp\libg_nano.a(libc_a-nano-vfprintf.o)
 .debug_info    0x00013375      0xde2 D:/ST/STM32CubeCLT_1.17.0/GNU-tools-for-STM32/bin/../lib/gcc/arm-none-eabi/12.3.1/../../../../arm-none-eabi/lib/thumb/v7-m/nofp\libg_nano.a(libc_a-nano-vfprintf_i.o)
 .debug_info    0x00014157      0xb1a D:/ST/STM32CubeCLT_1.17.0/GNU-tools-for-STM32/bin/../lib/gcc/arm-none-eabi/12.3.1/../../../../arm-none-eabi/lib/thumb/v7-m/nofp\libg_nano.a(libc_a-makebuf.o)
 .debug_info    0x00014c71      0x975 D:/ST/STM32CubeCLT_1.17.0/GNU-tools-for-STM32/bin/../lib/gcc/arm-none-eabi/12.3.1/../../../../arm-none-eabi/lib/thumb/v7-m/nofp\libg_nano.a(libc_a-fstatr.o)
 .debug_info    0x000155e6      0x756 D:/ST/STM32CubeCLT_1.17.0/GNU-tools-for-STM32/bin/../lib/gcc/arm-none-eabi/12.3.1/../../../../arm-none-eabi/lib/thumb/v7-m/nofp\libg_nano.a(libc_a-isattyr.o)
 .debug_info    0x00015d3c      0x110 D:/ST/STM32CubeCLT_1.17.0/GNU-tools-for-STM32/bin/../lib/gcc/arm-none-eabi/12.3.1/../../../../arm-none-eabi/lib/thumb/v7-m/nofp\libg_nano.a(libc_a-memchr-stub.o)

.debug_abbrev   0x00000000     0x3de3
 .debug_abbrev  0x00000000      0x26f CMakeFiles/f103c8.dir/Core/Src/main.c.obj
 .debug_abbrev  0x0000026f      0x13f CMakeFiles/f103c8.dir/Core/Src/gpio.c.obj
 .debug_abbrev  0x000003ae       0xfc CMakeFiles/f103c8.dir/Core/Src/dma.c.obj
 .debug_abbrev  0x000004aa      0x1de CMakeFiles/f103c8.dir/Core/Src/i2c.c.obj
 .debug_abbrev  0x00000688      0x243 CMakeFiles/f103c8.dir/Core/Src/tim.c.obj
 .debug_abbrev  0x000008cb      0x21b CMakeFiles/f103c8.dir/Core/Src/usart.c.obj
 .debug_abbrev  0x00000ae6      0x1b4 CMakeFiles/f103c8.dir/Core/Src/stm32f1xx_it.c.obj
 .debug_abbrev  0x00000c9a       0xdb CMakeFiles/f103c8.dir/Core/Src/stm32f1xx_hal_msp.c.obj
 .debug_abbrev  0x00000d75      0x2a3 CMakeFiles/f103c8.dir/Drivers/STM32F1xx_HAL_Driver/Src/stm32f1xx_hal_i2c.c.obj
 .debug_abbrev  0x00001018      0x201 CMakeFiles/f103c8.dir/Drivers/STM32F1xx_HAL_Driver/Src/stm32f1xx_hal.c.obj
 .debug_abbrev  0x00001219      0x2b3 CMakeFiles/f103c8.dir/Drivers/STM32F1xx_HAL_Driver/Src/stm32f1xx_hal_rcc.c.obj
 .debug_abbrev  0x000014cc      0x1ca CMakeFiles/f103c8.dir/Drivers/STM32F1xx_HAL_Driver/Src/stm32f1xx_hal_gpio.c.obj
 .debug_abbrev  0x00001696      0x20b CMakeFiles/f103c8.dir/Drivers/STM32F1xx_HAL_Driver/Src/stm32f1xx_hal_dma.c.obj
 .debug_abbrev  0x000018a1      0x2f8 CMakeFiles/f103c8.dir/Drivers/STM32F1xx_HAL_Driver/Src/stm32f1xx_hal_cortex.c.obj
 .debug_abbrev  0x00001b99      0x277 CMakeFiles/f103c8.dir/Drivers/STM32F1xx_HAL_Driver/Src/stm32f1xx_hal_tim.c.obj
 .debug_abbrev  0x00001e10      0x282 CMakeFiles/f103c8.dir/Drivers/STM32F1xx_HAL_Driver/Src/stm32f1xx_hal_tim_ex.c.obj
 .debug_abbrev  0x00002092      0x2f8 CMakeFiles/f103c8.dir/Drivers/STM32F1xx_HAL_Driver/Src/stm32f1xx_hal_uart.c.obj
 .debug_abbrev  0x0000238a      0x13f CMakeFiles/f103c8.dir/Core/Src/system_stm32f1xx.c.obj
 .debug_abbrev  0x000024c9       0xbc CMakeFiles/f103c8.dir/Core/Src/sysmem.c.obj
 .debug_abbrev  0x00002585      0x1b6 CMakeFiles/f103c8.dir/Core/Src/syscalls.c.obj
 .debug_abbrev  0x0000273b       0x24 CMakeFiles/f103c8.dir/startup_stm32f103xb.s.obj
 .debug_abbrev  0x0000275f      0x21a D:/ST/STM32CubeCLT_1.17.0/GNU-tools-for-STM32/bin/../lib/gcc/arm-none-eabi/12.3.1/../../../../arm-none-eabi/lib/thumb/v7-m/nofp\libg_nano.a(libc_a-printf.o)
 .debug_abbrev  0x00002979      0x2a7 D:/ST/STM32CubeCLT_1.17.0/GNU-tools-for-STM32/bin/../lib/gcc/arm-none-eabi/12.3.1/../../../../arm-none-eabi/lib/thumb/v7-m/nofp\libg_nano.a(libc_a-puts.o)
 .debug_abbrev  0x00002c20      0x22d D:/ST/STM32CubeCLT_1.17.0/GNU-tools-for-STM32/bin/../lib/gcc/arm-none-eabi/12.3.1/../../../../arm-none-eabi/lib/thumb/v7-m/nofp\libg_nano.a(libc_a-wbuf.o)
 .debug_abbrev  0x00002e4d      0x1e2 D:/ST/STM32CubeCLT_1.17.0/GNU-tools-for-STM32/bin/../lib/gcc/arm-none-eabi/12.3.1/../../../../arm-none-eabi/lib/thumb/v7-m/nofp\libg_nano.a(libc_a-wsetup.o)
 .debug_abbrev  0x0000302f      0x15e D:/ST/STM32CubeCLT_1.17.0/GNU-tools-for-STM32/bin/../lib/gcc/arm-none-eabi/12.3.1/../../../../arm-none-eabi/lib/thumb/v7-m/nofp\libg_nano.a(libc_a-errno.o)
 .debug_abbrev  0x0000318d      0x316 D:/ST/STM32CubeCLT_1.17.0/GNU-tools-for-STM32/bin/../lib/gcc/arm-none-eabi/12.3.1/../../../../arm-none-eabi/lib/thumb/v7-m/nofp\libg_nano.a(libc_a-nano-vfprintf.o)
 .debug_abbrev  0x000034a3      0x28e D:/ST/STM32CubeCLT_1.17.0/GNU-tools-for-STM32/bin/../lib/gcc/arm-none-eabi/12.3.1/../../../../arm-none-eabi/lib/thumb/v7-m/nofp\libg_nano.a(libc_a-nano-vfprintf_i.o)
 .debug_abbrev  0x00003731      0x28e D:/ST/STM32CubeCLT_1.17.0/GNU-tools-for-STM32/bin/../lib/gcc/arm-none-eabi/12.3.1/../../../../arm-none-eabi/lib/thumb/v7-m/nofp\libg_nano.a(libc_a-makebuf.o)
 .debug_abbrev  0x000039bf      0x1c3 D:/ST/STM32CubeCLT_1.17.0/GNU-tools-for-STM32/bin/../lib/gcc/arm-none-eabi/12.3.1/../../../../arm-none-eabi/lib/thumb/v7-m/nofp\libg_nano.a(libc_a-fstatr.o)
 .debug_abbrev  0x00003b82      0x1b0 D:/ST/STM32CubeCLT_1.17.0/GNU-tools-for-STM32/bin/../lib/gcc/arm-none-eabi/12.3.1/../../../../arm-none-eabi/lib/thumb/v7-m/nofp\libg_nano.a(libc_a-isattyr.o)
 .debug_abbrev  0x00003d32       0xb1 D:/ST/STM32CubeCLT_1.17.0/GNU-tools-for-STM32/bin/../lib/gcc/arm-none-eabi/12.3.1/../../../../arm-none-eabi/lib/thumb/v7-m/nofp\libg_nano.a(libc_a-memchr-stub.o)

.debug_aranges  0x00000000     0x11a8
 .debug_aranges
                0x00000000       0x30 CMakeFiles/f103c8.dir/Core/Src/main.c.obj
 .debug_aranges
                0x00000030       0x20 CMakeFiles/f103c8.dir/Core/Src/gpio.c.obj
 .debug_aranges
                0x00000050       0x20 CMakeFiles/f103c8.dir/Core/Src/dma.c.obj
 .debug_aranges
                0x00000070       0x30 CMakeFiles/f103c8.dir/Core/Src/i2c.c.obj
 .debug_aranges
                0x000000a0       0x40 CMakeFiles/f103c8.dir/Core/Src/tim.c.obj
 .debug_aranges
                0x000000e0       0x30 CMakeFiles/f103c8.dir/Core/Src/usart.c.obj
 .debug_aranges
                0x00000110       0x88 CMakeFiles/f103c8.dir/Core/Src/stm32f1xx_it.c.obj
 .debug_aranges
                0x00000198       0x20 CMakeFiles/f103c8.dir/Core/Src/stm32f1xx_hal_msp.c.obj
 .debug_aranges
                0x000001b8      0x2a8 CMakeFiles/f103c8.dir/Drivers/STM32F1xx_HAL_Driver/Src/stm32f1xx_hal_i2c.c.obj
 .debug_aranges
                0x00000460       0xe0 CMakeFiles/f103c8.dir/Drivers/STM32F1xx_HAL_Driver/Src/stm32f1xx_hal.c.obj
 .debug_aranges
                0x00000540       0x90 CMakeFiles/f103c8.dir/Drivers/STM32F1xx_HAL_Driver/Src/stm32f1xx_hal_rcc.c.obj
 .debug_aranges
                0x000005d0       0x58 CMakeFiles/f103c8.dir/Drivers/STM32F1xx_HAL_Driver/Src/stm32f1xx_hal_gpio.c.obj
 .debug_aranges
                0x00000628       0x80 CMakeFiles/f103c8.dir/Drivers/STM32F1xx_HAL_Driver/Src/stm32f1xx_hal_dma.c.obj
 .debug_aranges
                0x000006a8      0x100 CMakeFiles/f103c8.dir/Drivers/STM32F1xx_HAL_Driver/Src/stm32f1xx_hal_cortex.c.obj
 .debug_aranges
                0x000007a8      0x3d0 CMakeFiles/f103c8.dir/Drivers/STM32F1xx_HAL_Driver/Src/stm32f1xx_hal_tim.c.obj
 .debug_aranges
                0x00000b78      0x168 CMakeFiles/f103c8.dir/Drivers/STM32F1xx_HAL_Driver/Src/stm32f1xx_hal_tim_ex.c.obj
 .debug_aranges
                0x00000ce0      0x208 CMakeFiles/f103c8.dir/Drivers/STM32F1xx_HAL_Driver/Src/stm32f1xx_hal_uart.c.obj
 .debug_aranges
                0x00000ee8       0x28 CMakeFiles/f103c8.dir/Core/Src/system_stm32f1xx.c.obj
 .debug_aranges
                0x00000f10       0x20 CMakeFiles/f103c8.dir/Core/Src/sysmem.c.obj
 .debug_aranges
                0x00000f30       0xa8 CMakeFiles/f103c8.dir/Core/Src/syscalls.c.obj
 .debug_aranges
                0x00000fd8       0x28 CMakeFiles/f103c8.dir/startup_stm32f103xb.s.obj
 .debug_aranges
                0x00001000       0x28 D:/ST/STM32CubeCLT_1.17.0/GNU-tools-for-STM32/bin/../lib/gcc/arm-none-eabi/12.3.1/../../../../arm-none-eabi/lib/thumb/v7-m/nofp\libg_nano.a(libc_a-printf.o)
 .debug_aranges
                0x00001028       0x28 D:/ST/STM32CubeCLT_1.17.0/GNU-tools-for-STM32/bin/../lib/gcc/arm-none-eabi/12.3.1/../../../../arm-none-eabi/lib/thumb/v7-m/nofp\libg_nano.a(libc_a-puts.o)
 .debug_aranges
                0x00001050       0x28 D:/ST/STM32CubeCLT_1.17.0/GNU-tools-for-STM32/bin/../lib/gcc/arm-none-eabi/12.3.1/../../../../arm-none-eabi/lib/thumb/v7-m/nofp\libg_nano.a(libc_a-wbuf.o)
 .debug_aranges
                0x00001078       0x20 D:/ST/STM32CubeCLT_1.17.0/GNU-tools-for-STM32/bin/../lib/gcc/arm-none-eabi/12.3.1/../../../../arm-none-eabi/lib/thumb/v7-m/nofp\libg_nano.a(libc_a-wsetup.o)
 .debug_aranges
                0x00001098       0x20 D:/ST/STM32CubeCLT_1.17.0/GNU-tools-for-STM32/bin/../lib/gcc/arm-none-eabi/12.3.1/../../../../arm-none-eabi/lib/thumb/v7-m/nofp\libg_nano.a(libc_a-errno.o)
 .debug_aranges
                0x000010b8       0x40 D:/ST/STM32CubeCLT_1.17.0/GNU-tools-for-STM32/bin/../lib/gcc/arm-none-eabi/12.3.1/../../../../arm-none-eabi/lib/thumb/v7-m/nofp\libg_nano.a(libc_a-nano-vfprintf.o)
 .debug_aranges
                0x000010f8       0x28 D:/ST/STM32CubeCLT_1.17.0/GNU-tools-for-STM32/bin/../lib/gcc/arm-none-eabi/12.3.1/../../../../arm-none-eabi/lib/thumb/v7-m/nofp\libg_nano.a(libc_a-nano-vfprintf_i.o)
 .debug_aranges
                0x00001120       0x28 D:/ST/STM32CubeCLT_1.17.0/GNU-tools-for-STM32/bin/../lib/gcc/arm-none-eabi/12.3.1/../../../../arm-none-eabi/lib/thumb/v7-m/nofp\libg_nano.a(libc_a-makebuf.o)
 .debug_aranges
                0x00001148       0x20 D:/ST/STM32CubeCLT_1.17.0/GNU-tools-for-STM32/bin/../lib/gcc/arm-none-eabi/12.3.1/../../../../arm-none-eabi/lib/thumb/v7-m/nofp\libg_nano.a(libc_a-fstatr.o)
 .debug_aranges
                0x00001168       0x20 D:/ST/STM32CubeCLT_1.17.0/GNU-tools-for-STM32/bin/../lib/gcc/arm-none-eabi/12.3.1/../../../../arm-none-eabi/lib/thumb/v7-m/nofp\libg_nano.a(libc_a-isattyr.o)
 .debug_aranges
                0x00001188       0x20 D:/ST/STM32CubeCLT_1.17.0/GNU-tools-for-STM32/bin/../lib/gcc/arm-none-eabi/12.3.1/../../../../arm-none-eabi/lib/thumb/v7-m/nofp\libg_nano.a(libc_a-memchr-stub.o)

.debug_rnglists
                0x00000000      0xe41
 .debug_rnglists
                0x00000000       0x21 CMakeFiles/f103c8.dir/Core/Src/main.c.obj
 .debug_rnglists
                0x00000021       0x14 CMakeFiles/f103c8.dir/Core/Src/gpio.c.obj
 .debug_rnglists
                0x00000035       0x13 CMakeFiles/f103c8.dir/Core/Src/dma.c.obj
 .debug_rnglists
                0x00000048       0x1f CMakeFiles/f103c8.dir/Core/Src/i2c.c.obj
 .debug_rnglists
                0x00000067       0x2e CMakeFiles/f103c8.dir/Core/Src/tim.c.obj
 .debug_rnglists
                0x00000095       0x20 CMakeFiles/f103c8.dir/Core/Src/usart.c.obj
 .debug_rnglists
                0x000000b5       0x61 CMakeFiles/f103c8.dir/Core/Src/stm32f1xx_it.c.obj
 .debug_rnglists
                0x00000116       0x13 CMakeFiles/f103c8.dir/Core/Src/stm32f1xx_hal_msp.c.obj
 .debug_rnglists
                0x00000129      0x23c CMakeFiles/f103c8.dir/Drivers/STM32F1xx_HAL_Driver/Src/stm32f1xx_hal_i2c.c.obj
 .debug_rnglists
                0x00000365       0xa3 CMakeFiles/f103c8.dir/Drivers/STM32F1xx_HAL_Driver/Src/stm32f1xx_hal.c.obj
 .debug_rnglists
                0x00000408       0x6c CMakeFiles/f103c8.dir/Drivers/STM32F1xx_HAL_Driver/Src/stm32f1xx_hal_rcc.c.obj
 .debug_rnglists
                0x00000474       0x3f CMakeFiles/f103c8.dir/Drivers/STM32F1xx_HAL_Driver/Src/stm32f1xx_hal_gpio.c.obj
 .debug_rnglists
                0x000004b3       0x64 CMakeFiles/f103c8.dir/Drivers/STM32F1xx_HAL_Driver/Src/stm32f1xx_hal_dma.c.obj
 .debug_rnglists
                0x00000517       0xbb CMakeFiles/f103c8.dir/Drivers/STM32F1xx_HAL_Driver/Src/stm32f1xx_hal_cortex.c.obj
 .debug_rnglists
                0x000005d2      0x31a CMakeFiles/f103c8.dir/Drivers/STM32F1xx_HAL_Driver/Src/stm32f1xx_hal_tim.c.obj
 .debug_rnglists
                0x000008ec      0x125 CMakeFiles/f103c8.dir/Drivers/STM32F1xx_HAL_Driver/Src/stm32f1xx_hal_tim_ex.c.obj
 .debug_rnglists
                0x00000a11      0x1bc CMakeFiles/f103c8.dir/Drivers/STM32F1xx_HAL_Driver/Src/stm32f1xx_hal_uart.c.obj
 .debug_rnglists
                0x00000bcd       0x1a CMakeFiles/f103c8.dir/Core/Src/system_stm32f1xx.c.obj
 .debug_rnglists
                0x00000be7       0x13 CMakeFiles/f103c8.dir/Core/Src/sysmem.c.obj
 .debug_rnglists
                0x00000bfa       0x79 CMakeFiles/f103c8.dir/Core/Src/syscalls.c.obj
 .debug_rnglists
                0x00000c73       0x19 CMakeFiles/f103c8.dir/startup_stm32f103xb.s.obj
 .debug_rnglists
                0x00000c8c       0x19 D:/ST/STM32CubeCLT_1.17.0/GNU-tools-for-STM32/bin/../lib/gcc/arm-none-eabi/12.3.1/../../../../arm-none-eabi/lib/thumb/v7-m/nofp\libg_nano.a(libc_a-printf.o)
 .debug_rnglists
                0x00000ca5       0x44 D:/ST/STM32CubeCLT_1.17.0/GNU-tools-for-STM32/bin/../lib/gcc/arm-none-eabi/12.3.1/../../../../arm-none-eabi/lib/thumb/v7-m/nofp\libg_nano.a(libc_a-puts.o)
 .debug_rnglists
                0x00000ce9       0x25 D:/ST/STM32CubeCLT_1.17.0/GNU-tools-for-STM32/bin/../lib/gcc/arm-none-eabi/12.3.1/../../../../arm-none-eabi/lib/thumb/v7-m/nofp\libg_nano.a(libc_a-wbuf.o)
 .debug_rnglists
                0x00000d0e       0x26 D:/ST/STM32CubeCLT_1.17.0/GNU-tools-for-STM32/bin/../lib/gcc/arm-none-eabi/12.3.1/../../../../arm-none-eabi/lib/thumb/v7-m/nofp\libg_nano.a(libc_a-wsetup.o)
 .debug_rnglists
                0x00000d34       0x13 D:/ST/STM32CubeCLT_1.17.0/GNU-tools-for-STM32/bin/../lib/gcc/arm-none-eabi/12.3.1/../../../../arm-none-eabi/lib/thumb/v7-m/nofp\libg_nano.a(libc_a-errno.o)
 .debug_rnglists
                0x00000d47       0x3b D:/ST/STM32CubeCLT_1.17.0/GNU-tools-for-STM32/bin/../lib/gcc/arm-none-eabi/12.3.1/../../../../arm-none-eabi/lib/thumb/v7-m/nofp\libg_nano.a(libc_a-nano-vfprintf.o)
 .debug_rnglists
                0x00000d82       0x6d D:/ST/STM32CubeCLT_1.17.0/GNU-tools-for-STM32/bin/../lib/gcc/arm-none-eabi/12.3.1/../../../../arm-none-eabi/lib/thumb/v7-m/nofp\libg_nano.a(libc_a-nano-vfprintf_i.o)
 .debug_rnglists
                0x00000def       0x19 D:/ST/STM32CubeCLT_1.17.0/GNU-tools-for-STM32/bin/../lib/gcc/arm-none-eabi/12.3.1/../../../../arm-none-eabi/lib/thumb/v7-m/nofp\libg_nano.a(libc_a-makebuf.o)
 .debug_rnglists
                0x00000e08       0x13 D:/ST/STM32CubeCLT_1.17.0/GNU-tools-for-STM32/bin/../lib/gcc/arm-none-eabi/12.3.1/../../../../arm-none-eabi/lib/thumb/v7-m/nofp\libg_nano.a(libc_a-fstatr.o)
 .debug_rnglists
                0x00000e1b       0x13 D:/ST/STM32CubeCLT_1.17.0/GNU-tools-for-STM32/bin/../lib/gcc/arm-none-eabi/12.3.1/../../../../arm-none-eabi/lib/thumb/v7-m/nofp\libg_nano.a(libc_a-isattyr.o)
 .debug_rnglists
                0x00000e2e       0x13 D:/ST/STM32CubeCLT_1.17.0/GNU-tools-for-STM32/bin/../lib/gcc/arm-none-eabi/12.3.1/../../../../arm-none-eabi/lib/thumb/v7-m/nofp\libg_nano.a(libc_a-memchr-stub.o)

.debug_macro    0x00000000    0x192f0
 .debug_macro   0x00000000      0x1f2 CMakeFiles/f103c8.dir/Core/Src/main.c.obj
 .debug_macro   0x000001f2      0xaa8 CMakeFiles/f103c8.dir/Core/Src/main.c.obj
 .debug_macro   0x00000c9a      0x227 CMakeFiles/f103c8.dir/Core/Src/main.c.obj
 .debug_macro   0x00000ec1       0x2e CMakeFiles/f103c8.dir/Core/Src/main.c.obj
 .debug_macro   0x00000eef       0x22 CMakeFiles/f103c8.dir/Core/Src/main.c.obj
 .debug_macro   0x00000f11       0x22 CMakeFiles/f103c8.dir/Core/Src/main.c.obj
 .debug_macro   0x00000f33       0x8e CMakeFiles/f103c8.dir/Core/Src/main.c.obj
 .debug_macro   0x00000fc1       0x51 CMakeFiles/f103c8.dir/Core/Src/main.c.obj
 .debug_macro   0x00001012      0x103 CMakeFiles/f103c8.dir/Core/Src/main.c.obj
 .debug_macro   0x00001115       0x6a CMakeFiles/f103c8.dir/Core/Src/main.c.obj
 .debug_macro   0x0000117f      0x1df CMakeFiles/f103c8.dir/Core/Src/main.c.obj
 .debug_macro   0x0000135e       0x1c CMakeFiles/f103c8.dir/Core/Src/main.c.obj
 .debug_macro   0x0000137a       0x22 CMakeFiles/f103c8.dir/Core/Src/main.c.obj
 .debug_macro   0x0000139c       0xbd CMakeFiles/f103c8.dir/Core/Src/main.c.obj
 .debug_macro   0x00001459      0xd23 CMakeFiles/f103c8.dir/Core/Src/main.c.obj
 .debug_macro   0x0000217c     0xe09e CMakeFiles/f103c8.dir/Core/Src/main.c.obj
 .debug_macro   0x0001021a       0x6d CMakeFiles/f103c8.dir/Core/Src/main.c.obj
 .debug_macro   0x00010287     0x34a2 CMakeFiles/f103c8.dir/Core/Src/main.c.obj
 .debug_macro   0x00013729      0x189 CMakeFiles/f103c8.dir/Core/Src/main.c.obj
 .debug_macro   0x000138b2       0x5c CMakeFiles/f103c8.dir/Core/Src/main.c.obj
 .debug_macro   0x0001390e      0x5bc CMakeFiles/f103c8.dir/Core/Src/main.c.obj
 .debug_macro   0x00013eca      0x289 CMakeFiles/f103c8.dir/Core/Src/main.c.obj
 .debug_macro   0x00014153      0x1cb CMakeFiles/f103c8.dir/Core/Src/main.c.obj
 .debug_macro   0x0001431e      0x114 CMakeFiles/f103c8.dir/Core/Src/main.c.obj
 .debug_macro   0x00014432      0x1b2 CMakeFiles/f103c8.dir/Core/Src/main.c.obj
 .debug_macro   0x000145e4       0x27 CMakeFiles/f103c8.dir/Core/Src/main.c.obj
 .debug_macro   0x0001460b      0x136 CMakeFiles/f103c8.dir/Core/Src/main.c.obj
 .debug_macro   0x00014741      0x1bc CMakeFiles/f103c8.dir/Core/Src/main.c.obj
 .debug_macro   0x000148fd       0x34 CMakeFiles/f103c8.dir/Core/Src/main.c.obj
 .debug_macro   0x00014931       0x3c CMakeFiles/f103c8.dir/Core/Src/main.c.obj
 .debug_macro   0x0001496d       0x57 CMakeFiles/f103c8.dir/Core/Src/main.c.obj
 .debug_macro   0x000149c4       0x87 CMakeFiles/f103c8.dir/Core/Src/main.c.obj
 .debug_macro   0x00014a4b      0x240 CMakeFiles/f103c8.dir/Core/Src/main.c.obj
 .debug_macro   0x00014c8b      0x287 CMakeFiles/f103c8.dir/Core/Src/main.c.obj
 .debug_macro   0x00014f12      0x140 CMakeFiles/f103c8.dir/Core/Src/main.c.obj
 .debug_macro   0x00015052      0x8ed CMakeFiles/f103c8.dir/Core/Src/main.c.obj
 .debug_macro   0x0001593f      0x28e CMakeFiles/f103c8.dir/Core/Src/main.c.obj
 .debug_macro   0x00015bcd       0x83 CMakeFiles/f103c8.dir/Core/Src/main.c.obj
 .debug_macro   0x00015c50       0x10 CMakeFiles/f103c8.dir/Core/Src/main.c.obj
 .debug_macro   0x00015c60      0x1c6 CMakeFiles/f103c8.dir/Core/Src/gpio.c.obj
 .debug_macro   0x00015e26      0x1c6 CMakeFiles/f103c8.dir/Core/Src/dma.c.obj
 .debug_macro   0x00015fec      0x1c6 CMakeFiles/f103c8.dir/Core/Src/i2c.c.obj
 .debug_macro   0x000161b2      0x1c6 CMakeFiles/f103c8.dir/Core/Src/tim.c.obj
 .debug_macro   0x00016378      0x1c6 CMakeFiles/f103c8.dir/Core/Src/usart.c.obj
 .debug_macro   0x0001653e      0x1c6 CMakeFiles/f103c8.dir/Core/Src/stm32f1xx_it.c.obj
 .debug_macro   0x00016704      0x1bc CMakeFiles/f103c8.dir/Core/Src/stm32f1xx_hal_msp.c.obj
 .debug_macro   0x000168c0      0x1fb CMakeFiles/f103c8.dir/Drivers/STM32F1xx_HAL_Driver/Src/stm32f1xx_hal_i2c.c.obj
 .debug_macro   0x00016abb      0x1d1 CMakeFiles/f103c8.dir/Drivers/STM32F1xx_HAL_Driver/Src/stm32f1xx_hal.c.obj
 .debug_macro   0x00016c8c      0x1bf CMakeFiles/f103c8.dir/Drivers/STM32F1xx_HAL_Driver/Src/stm32f1xx_hal_rcc.c.obj
 .debug_macro   0x00016e4b      0x218 CMakeFiles/f103c8.dir/Drivers/STM32F1xx_HAL_Driver/Src/stm32f1xx_hal_gpio.c.obj